Archive member included to satisfy reference by file (symbol)

D:\Akseli\Documents\LPC3\lpc_board_nxp_lpcxpresso_1549\Debug\liblpc_board_nxp_lpcxpresso_1549.a(board.o)
                              ./src/EkaTesti.o (Board_LED_Set)
D:\Akseli\Documents\LPC3\lpc_board_nxp_lpcxpresso_1549\Debug\liblpc_board_nxp_lpcxpresso_1549.a(board_sysinit.o)
                              ./src/sysinit.o (Board_SystemInit)
D:\Akseli\Documents\LPC3\lpc_chip_15xx\Debug\liblpc_chip_15xx.a(chip_15xx.o)
                              ./src/EkaTesti.o (SystemCoreClockUpdate)
D:\Akseli\Documents\LPC3\lpc_chip_15xx\Debug\liblpc_chip_15xx.a(clock_15xx.o)
                              D:\Akseli\Documents\LPC3\lpc_board_nxp_lpcxpresso_1549\Debug\liblpc_board_nxp_lpcxpresso_1549.a(board.o) (Chip_Clock_GetMainClockRate)
D:\Akseli\Documents\LPC3\lpc_chip_15xx\Debug\liblpc_chip_15xx.a(gpio_15xx.o)
                              D:\Akseli\Documents\LPC3\lpc_board_nxp_lpcxpresso_1549\Debug\liblpc_board_nxp_lpcxpresso_1549.a(board.o) (Chip_GPIO_Init)
D:\Akseli\Documents\LPC3\lpc_chip_15xx\Debug\liblpc_chip_15xx.a(iocon_15xx.o)
                              D:\Akseli\Documents\LPC3\lpc_board_nxp_lpcxpresso_1549\Debug\liblpc_board_nxp_lpcxpresso_1549.a(board_sysinit.o) (Chip_IOCON_SetPinMuxing)
D:\Akseli\Documents\LPC3\lpc_chip_15xx\Debug\liblpc_chip_15xx.a(sct_15xx.o)
                              ./src/EkaTesti.o (Chip_SCT_Init)
D:\Akseli\Documents\LPC3\lpc_chip_15xx\Debug\liblpc_chip_15xx.a(swm_15xx.o)
                              D:\Akseli\Documents\LPC3\lpc_board_nxp_lpcxpresso_1549\Debug\liblpc_board_nxp_lpcxpresso_1549.a(board.o) (Chip_SWM_MovablePinAssign)
D:\Akseli\Documents\LPC3\lpc_chip_15xx\Debug\liblpc_chip_15xx.a(sysctl_15xx.o)
                              D:\Akseli\Documents\LPC3\lpc_board_nxp_lpcxpresso_1549\Debug\liblpc_board_nxp_lpcxpresso_1549.a(board_sysinit.o) (Chip_SYSCTL_AssertPeriphReset)
D:\Akseli\Documents\LPC3\lpc_chip_15xx\Debug\liblpc_chip_15xx.a(sysinit_15xx.o)
                              D:\Akseli\Documents\LPC3\lpc_board_nxp_lpcxpresso_1549\Debug\liblpc_board_nxp_lpcxpresso_1549.a(board_sysinit.o) (Chip_SetupXtalClocking)
D:\Akseli\Documents\LPC3\lpc_chip_15xx\Debug\liblpc_chip_15xx.a(uart_15xx.o)
                              D:\Akseli\Documents\LPC3\lpc_board_nxp_lpcxpresso_1549\Debug\liblpc_board_nxp_lpcxpresso_1549.a(board.o) (Chip_UART_Init)
D:\Akseli\Documents\LPC3\lpc_chip_15xx\Debug\liblpc_chip_15xx.a(ring_buffer.o)
                              D:\Akseli\Documents\LPC3\lpc_chip_15xx\Debug\liblpc_chip_15xx.a(uart_15xx.o) (RingBuffer_Insert)
D:\Akseli\Documents\LPC3\FreeRTOS\Debug\libFreeRTOS.a(tasks.o)
                              ./src/EkaTesti.o (xTaskCreate)
D:\Akseli\Documents\LPC3\FreeRTOS\Debug\libFreeRTOS.a(heap_3.o)
                              D:\Akseli\Documents\LPC3\FreeRTOS\Debug\libFreeRTOS.a(tasks.o) (pvPortMalloc)
D:\Akseli\Documents\LPC3\FreeRTOS\Debug\libFreeRTOS.a(port.o)
                              D:\Akseli\Documents\LPC3\FreeRTOS\Debug\libFreeRTOS.a(tasks.o) (pxPortInitialiseStack)
D:\Akseli\Documents\LPC3\FreeRTOS\Debug\libFreeRTOS.a(FreeRTOSCommonHooks.o)
                              D:\Akseli\Documents\LPC3\FreeRTOS\Debug\libFreeRTOS.a(heap_3.o) (vApplicationMallocFailedHook)
D:\Akseli\Documents\LPC3\FreeRTOS\Debug\libFreeRTOS.a(list.o)
                              D:\Akseli\Documents\LPC3\FreeRTOS\Debug\libFreeRTOS.a(tasks.o) (vListInitialise)
c:/nxp/mcuxpressoide_11.0.0_2516/ide/plugins/com.nxp.mcuxpresso.tools.win32_11.0.0.201905131304/tools/bin/../lib/gcc/arm-none-eabi/8.2.1/thumb/v7-m/nofp\libgcc.a(_aeabi_uldivmod.o)
                              D:\Akseli\Documents\LPC3\lpc_chip_15xx\Debug\liblpc_chip_15xx.a(clock_15xx.o) (__aeabi_uldivmod)
c:/nxp/mcuxpressoide_11.0.0_2516/ide/plugins/com.nxp.mcuxpresso.tools.win32_11.0.0.201905131304/tools/bin/../lib/gcc/arm-none-eabi/8.2.1/thumb/v7-m/nofp\libgcc.a(_udivmoddi4.o)
                              c:/nxp/mcuxpressoide_11.0.0_2516/ide/plugins/com.nxp.mcuxpresso.tools.win32_11.0.0.201905131304/tools/bin/../lib/gcc/arm-none-eabi/8.2.1/thumb/v7-m/nofp\libgcc.a(_aeabi_uldivmod.o) (__udivmoddi4)
c:/nxp/mcuxpressoide_11.0.0_2516/ide/plugins/com.nxp.mcuxpresso.tools.win32_11.0.0.201905131304/tools/bin/../lib/gcc/arm-none-eabi/8.2.1/thumb/v7-m/nofp\libgcc.a(_dvmd_tls.o)
                              c:/nxp/mcuxpressoide_11.0.0_2516/ide/plugins/com.nxp.mcuxpresso.tools.win32_11.0.0.201905131304/tools/bin/../lib/gcc/arm-none-eabi/8.2.1/thumb/v7-m/nofp\libgcc.a(_aeabi_uldivmod.o) (__aeabi_ldiv0)
c:/nxp/mcuxpressoide_11.0.0_2516/ide/plugins/com.nxp.mcuxpresso.tools.win32_11.0.0.201905131304/tools/bin/../lib/gcc/arm-none-eabi/8.2.1/../../../../arm-none-eabi/lib/thumb/v7-m/nofp\libc.a(lib_a-impure.o)
                              D:\Akseli\Documents\LPC3\FreeRTOS\Debug\libFreeRTOS.a(tasks.o) (_impure_ptr)
[...]
Memory Configuration

Name             Origin             Length             Attributes
MFlash256        0x00000000         0x00040000         xr
Ram0_16_32       0x02000000         0x00008000         xrw
Ram2_4           0x02008000         0x00001000         xrw
*default*        0x00000000         0xffffffff

Linker script and memory map

LOAD ./src/DigitalIoPin.o
LOAD ./src/EkaTesti.o
LOAD ./src/cr_cpp_config.o
LOAD ./src/cr_startup_lpc15xx.o
LOAD ./src/crp.o
LOAD ./src/sysinit.o
LOAD D:\Akseli\Documents\LPC3\lpc_board_nxp_lpcxpresso_1549\Debug\liblpc_board_nxp_lpcxpresso_1549.a
LOAD D:\Akseli\Documents\LPC3\lpc_chip_15xx\Debug\liblpc_chip_15xx.a
LOAD D:\Akseli\Documents\LPC3\FreeRTOS\Debug\libFreeRTOS.a
START GROUP
LOAD c:/nxp/mcuxpressoide_11.0.0_2516/ide/plugins/com.nxp.mcuxpresso.tools.win32_11.0.0.201905131304/tools/bin/../lib/gcc/arm-none-eabi/8.2.1/thumb/v7-m/nofp\libgcc.a
LOAD c:/nxp/mcuxpressoide_11.0.0_2516/ide/plugins/com.nxp.mcuxpresso.tools.win32_11.0.0.201905131304/tools/bin/../lib/gcc/arm-none-eabi/8.2.1/../../../../arm-none-eabi/lib/thumb/v7-m/nofp\libc.a
LOAD c:/nxp/mcuxpressoide_11.0.0_2516/ide/plugins/com.nxp.mcuxpresso.tools.win32_11.0.0.201905131304/tools/bin/../lib/gcc/arm-none-eabi/8.2.1/../../../../arm-none-eabi/lib/thumb/v7-m/nofp\libstdc++.a
LOAD c:/nxp/mcuxpressoide_11.0.0_2516/ide/plugins/com.nxp.mcuxpresso.tools.win32_11.0.0.201905131304/tools/bin/../lib/gcc/arm-none-eabi/8.2.1/../../../../arm-none-eabi/lib/thumb/v7-m/nofp\libm.a
LOAD c:/nxp/mcuxpressoide_11.0.0_2516/ide/plugins/com.nxp.mcuxpresso.tools.win32_11.0.0.201905131304/tools/bin/../lib/gcc/arm-none-eabi/8.2.1/../../../../arm-none-eabi/lib/thumb/v7-m/nofp\libcr_newlib_nohost.a
LOAD c:/nxp/mcuxpressoide_11.0.0_2516/ide/plugins/com.nxp.mcuxpresso.tools.win32_11.0.0.201905131304/tools/bin/../lib/gcc/arm-none-eabi/8.2.1/thumb/v7-m/nofp\crti.o
LOAD c:/nxp/mcuxpressoide_11.0.0_2516/ide/plugins/com.nxp.mcuxpresso.tools.win32_11.0.0.201905131304/tools/bin/../lib/gcc/arm-none-eabi/8.2.1/thumb/v7-m/nofp\crtn.o
LOAD c:/nxp/mcuxpressoide_11.0.0_2516/ide/plugins/com.nxp.mcuxpresso.tools.win32_11.0.0.201905131304/tools/bin/../lib/gcc/arm-none-eabi/8.2.1/thumb/v7-m/nofp\crtbegin.o
LOAD c:/nxp/mcuxpressoide_11.0.0_2516/ide/plugins/com.nxp.mcuxpresso.tools.win32_11.0.0.201905131304/tools/bin/../lib/gcc/arm-none-eabi/8.2.1/thumb/v7-m/nofp\crtend.o
END GROUP
                0x00000000                __base_MFlash256 = 0x0
                0x00000000                __base_Flash = 0x0
                0x00040000                __top_MFlash256 = 0x40000
                0x00040000                __top_Flash = 0x40000
                0x02000000                __base_Ram0_16_32 = 0x2000000
                0x02000000                __base_RAM = 0x2000000
                0x02008000                __top_Ram0_16_32 = 0x2008000
                0x02008000                __top_RAM = 0x2008000
                0x02008000                __base_Ram2_4 = 0x2008000
                0x02008000                __base_RAM2 = 0x2008000
                0x02009000                __top_Ram2_4 = 0x2009000
                0x02009000                __top_RAM2 = 0x2009000

.text           0x00000000     0x8440
 FILL mask 0xff
                0x00000000                __vectors_start__ = ABSOLUTE (.)
 *(.isr_vector)
 .isr_vector    0x00000000       0xfc ./src/cr_startup_lpc15xx.o
                0x00000000                g_pfnVectors
                0x000000fc                . = ALIGN (0x4)
                0x000000fc                __section_table_start = .
                0x000000fc                __data_section_table = .
                0x000000fc        0x4 LONG 0x8448 LOADADDR (.data)
                0x00000100        0x4 LONG 0x2000000 ADDR (.data)
                0x00000104        0x4 LONG 0x9ac SIZEOF (.data)
                0x00000108        0x4 LONG 0x8448 LOADADDR (.data_RAM2)
                0x0000010c        0x4 LONG 0x2008000 ADDR (.data_RAM2)
                0x00000110        0x4 LONG 0x0 SIZEOF (.data_RAM2)
                0x00000114                __data_section_table_end = .
                0x00000114                __bss_section_table = .
                0x00000114        0x4 LONG 0x20009ac ADDR (.bss)
                0x00000118        0x4 LONG 0x1c4 SIZEOF (.bss)
                0x0000011c        0x4 LONG 0x2008000 ADDR (.bss_RAM2)
                0x00000120        0x4 LONG 0x0 SIZEOF (.bss_RAM2)
                0x00000124                __bss_section_table_end = .
                0x00000124                __section_table_end = .
 *(.after_vectors*)
 .after_vectors
                0x00000124      0x140 ./src/cr_startup_lpc15xx.o
                0x00000124                data_init(unsigned int, unsigned int, unsigned int)
                0x00000166                bss_init(unsigned int, unsigned int)
                0x0000019c                ResetISR
                0x00000228                NMI_Handler
                0x0000022e                HardFault_Handler
                0x00000234                MemManage_Handler
                0x0000023a                BusFault_Handler
                0x00000240                UsageFault_Handler
                0x0000024c                DebugMon_Handler
                0x0000025e                UART1_IRQHandler
                0x0000025e                RTC_WAKE_IRQHandler
                0x0000025e                UART0_IRQHandler
                0x0000025e                MRT_IRQHandler
                0x0000025e                ADC1_THCMP_IRQHandler
                0x0000025e                SPI1_IRQHandler
                0x0000025e                PIN_INT6_IRQHandler
                0x0000025e                IntDefaultHandler
                0x0000025e                PIN_INT4_IRQHandler
                0x0000025e                CAN_IRQHandler
                0x0000025e                RTC_ALARM_IRQHandler
                0x0000025e                ADC1B_IRQHandler
                0x0000025e                ADC1_OVR_IRQHandler
                0x0000025e                USBWakeup_IRQHandler
                0x0000025e                UART2_IRQHandler
                0x0000025e                ADC0_OVR_IRQHandler
                0x0000025e                SCT1_IRQHandler
                0x0000025e                PIN_INT2_IRQHandler
                0x0000025e                USB_FIQHandler
                0x0000025e                SCT3_IRQHandler
                0x0000025e                PIN_INT7_IRQHandler
                0x0000025e                I2C0_IRQHandler
                0x0000025e                PIN_INT1_IRQHandler
                0x0000025e                USB_IRQHandler
                0x0000025e                BOD_IRQHandler
                0x0000025e                ADC0B_IRQHandler
                0x0000025e                ACMP0_IRQHandler
                0x0000025e                RIT_IRQHandler
                0x0000025e                SCT2_IRQHandler
                0x0000025e                WDT_IRQHandler
                0x0000025e                PIN_INT0_IRQHandler
                0x0000025e                QEI_IRQHandler
                0x0000025e                ACMP3_IRQHandler
                0x0000025e                GINT0_IRQHandler
                0x0000025e                DAC_IRQHandler
                0x0000025e                SPI0_IRQHandler
                0x0000025e                EEPROM_IRQHandler
                0x0000025e                ACMP2_IRQHandler
                0x0000025e                PIN_INT5_IRQHandler
                0x0000025e                ADC1A_IRQHandler
                0x0000025e                DMA_IRQHandler
                0x0000025e                PIN_INT3_IRQHandler
                0x0000025e                ACMP1_IRQHandler
                0x0000025e                SCT0_IRQHandler
                0x0000025e                ADC0A_IRQHandler
                0x0000025e                FMC_IRQHandler
                0x0000025e                GINT1_IRQHandler
                0x0000025e                ADC0_THCMP_IRQHandler
 *(.text*)
 .text.Chip_IOCON_PinMuxSet
                0x00000264       0x2c ./src/DigitalIoPin.o
 .text.Chip_GPIO_GetPinState
                0x00000290       0x34 ./src/DigitalIoPin.o
 .text.Chip_GPIO_SetPinDIROutput
                0x000002c4       0x3c ./src/DigitalIoPin.o
 .text.Chip_GPIO_SetPinDIRInput
                0x00000300       0x3e ./src/DigitalIoPin.o
 *fill*         0x0000033e        0x2 ff
 .text._ZN12DigitalIoPinC2Eiibbb
                0x00000340       0x48 ./src/DigitalIoPin.o
                0x00000340                DigitalIoPin::DigitalIoPin(int, int, bool, bool, bool)
                0x00000340                DigitalIoPin::DigitalIoPin(int, int, bool, bool, bool)
 .text._ZN12DigitalIoPinD2Ev
                0x00000388       0x20 ./src/DigitalIoPin.o
                0x00000388                DigitalIoPin::~DigitalIoPin()
                0x00000388                DigitalIoPin::~DigitalIoPin()
 .text._ZN12DigitalIoPinD0Ev
                0x000003a8       0x1e ./src/DigitalIoPin.o
                0x000003a8                DigitalIoPin::~DigitalIoPin()
 .text._ZN12DigitalIoPin4ReadEv
                0x000003c6       0x28 ./src/DigitalIoPin.o
                0x000003c6                DigitalIoPin::Read()
 *fill*         0x000003ee        0x2 ff
 .text._ZN12DigitalIoPin7InitPinEv
                0x000003f0       0xf4 ./src/DigitalIoPin.o
                0x000003f0                DigitalIoPin::InitPin()
 .text._ZStanSt12memory_orderSt23__memory_order_modifier
                0x000004e4       0x24 ./src/EkaTesti.o
                0x000004e4                std::operator&(std::memory_order, std::__memory_order_modifier)
 .text._ZL16prvSetupHardwarev
                0x00000508       0x18 ./src/EkaTesti.o
 .text._ZL13printTimeTaskPv
                0x00000520       0x54 ./src/EkaTesti.o
 .text._Z13ledOnOffTimesii
                0x00000574       0x70 ./src/EkaTesti.o
                0x00000574                ledOnOffTimes(int, int)
 .text._ZL6sosLedPv
                0x000005e4       0x4c ./src/EkaTesti.o
 .text._ZL5nappiPv
                0x00000630       0x48 ./src/EkaTesti.o
 .text.main     0x00000678       0x78 ./src/EkaTesti.o
                0x00000678                main
 .text._ZNVKSt13__atomic_baseIiEcviEv
                0x000006f0       0x36 ./src/EkaTesti.o
                0x000006f0                std::__atomic_base<int>::operator int() const volatile
 .text._ZNVSt13__atomic_baseIiEaSEi
                0x00000726       0x3e ./src/EkaTesti.o
                0x00000726                std::__atomic_base<int>::operator=(int) volatile
 .text._Z41__static_initialization_and_destruction_0ii
                0x00000764       0x14 ./src/EkaTesti.o
 .text._GLOBAL__sub_I__Z13ledOnOffTimesii
                0x00000778       0x10 ./src/EkaTesti.o
 .text._ZdlPv   0x00000788       0x16 ./src/cr_cpp_config.o
                0x00000788                operator delete(void*)
 .text.SystemInit
                0x0000079e        0xc ./src/sysinit.o
                0x0000079e                SystemInit
 .text.Chip_IOCON_PinMuxSet
                0x000007aa       0x2c D:\Akseli\Documents\LPC3\lpc_board_nxp_lpcxpresso_1549\Debug\liblpc_board_nxp_lpcxpresso_1549.a(board.o)
 .text.Chip_SWM_MovablePortPinAssign
                0x000007d6       0x30 D:\Akseli\Documents\LPC3\lpc_board_nxp_lpcxpresso_1549\Debug\liblpc_board_nxp_lpcxpresso_1549.a(board.o)
 .text.Chip_GPIO_SetPinState
                0x00000806       0x36 D:\Akseli\Documents\LPC3\lpc_board_nxp_lpcxpresso_1549\Debug\liblpc_board_nxp_lpcxpresso_1549.a(board.o)
 .text.Chip_GPIO_SetPinDIROutput
                0x0000083c       0x3c D:\Akseli\Documents\LPC3\lpc_board_nxp_lpcxpresso_1549\Debug\liblpc_board_nxp_lpcxpresso_1549.a(board.o)
 .text.Chip_UART_Enable
                0x00000878       0x1e D:\Akseli\Documents\LPC3\lpc_board_nxp_lpcxpresso_1549\Debug\liblpc_board_nxp_lpcxpresso_1549.a(board.o)
 .text.Chip_UART_TXEnable
                0x00000896       0x1e D:\Akseli\Documents\LPC3\lpc_board_nxp_lpcxpresso_1549\Debug\liblpc_board_nxp_lpcxpresso_1549.a(board.o)
 .text.Chip_UART_ConfigData
                0x000008b4       0x28 D:\Akseli\Documents\LPC3\lpc_board_nxp_lpcxpresso_1549\Debug\liblpc_board_nxp_lpcxpresso_1549.a(board.o)
 .text._write   0x000008dc       0x38 D:\Akseli\Documents\LPC3\lpc_board_nxp_lpcxpresso_1549\Debug\liblpc_board_nxp_lpcxpresso_1549.a(board.o)
                0x000008dc                _write
 .text._read    0x00000914       0x48 D:\Akseli\Documents\LPC3\lpc_board_nxp_lpcxpresso_1549\Debug\liblpc_board_nxp_lpcxpresso_1549.a(board.o)
                0x00000914                _read
 .text.Board_UARTPutChar
                0x0000095c       0x24 D:\Akseli\Documents\LPC3\lpc_board_nxp_lpcxpresso_1549\Debug\liblpc_board_nxp_lpcxpresso_1549.a(board.o)
                0x0000095c                Board_UARTPutChar
 .text.Board_UARTGetChar
                0x00000980       0x2c D:\Akseli\Documents\LPC3\lpc_board_nxp_lpcxpresso_1549\Debug\liblpc_board_nxp_lpcxpresso_1549.a(board.o)
                0x00000980                Board_UARTGetChar
 .text.Board_Debug_Init
                0x000009ac       0x70 D:\Akseli\Documents\LPC3\lpc_board_nxp_lpcxpresso_1549\Debug\liblpc_board_nxp_lpcxpresso_1549.a(board.o)
                0x000009ac                Board_Debug_Init
 .text.Board_LED_Init
                0x00000a1c       0x5c D:\Akseli\Documents\LPC3\lpc_board_nxp_lpcxpresso_1549\Debug\liblpc_board_nxp_lpcxpresso_1549.a(board.o)
 .text.Board_LED_Set
                0x00000a78       0x54 D:\Akseli\Documents\LPC3\lpc_board_nxp_lpcxpresso_1549\Debug\liblpc_board_nxp_lpcxpresso_1549.a(board.o)
                0x00000a78                Board_LED_Set
 .text.Board_Init
                0x00000acc       0x18 D:\Akseli\Documents\LPC3\lpc_board_nxp_lpcxpresso_1549\Debug\liblpc_board_nxp_lpcxpresso_1549.a(board.o)
                0x00000acc                Board_Init
 .text.Chip_SYSCTL_PeriphReset
                0x00000ae4       0x22 D:\Akseli\Documents\LPC3\lpc_board_nxp_lpcxpresso_1549\Debug\liblpc_board_nxp_lpcxpresso_1549.a(board_sysinit.o)
 *fill*         0x00000b06        0x2 ff
 .text.Chip_Clock_SetUSBPLLSource
                0x00000b08       0x20 D:\Akseli\Documents\LPC3\lpc_board_nxp_lpcxpresso_1549\Debug\liblpc_board_nxp_lpcxpresso_1549.a(board_sysinit.o)
 .text.Chip_Clock_SetupUSBPLL
                0x00000b28       0x34 D:\Akseli\Documents\LPC3\lpc_board_nxp_lpcxpresso_1549\Debug\liblpc_board_nxp_lpcxpresso_1549.a(board_sysinit.o)
 .text.Chip_Clock_IsUSBPLLLocked
                0x00000b5c       0x24 D:\Akseli\Documents\LPC3\lpc_board_nxp_lpcxpresso_1549\Debug\liblpc_board_nxp_lpcxpresso_1549.a(board_sysinit.o)
 .text.Chip_Clock_SetSysTickClockDiv
                0x00000b80       0x20 D:\Akseli\Documents\LPC3\lpc_board_nxp_lpcxpresso_1549\Debug\liblpc_board_nxp_lpcxpresso_1549.a(board_sysinit.o)
 .text.Chip_SWM_MovablePortPinAssign
                0x00000ba0       0x30 D:\Akseli\Documents\LPC3\lpc_board_nxp_lpcxpresso_1549\Debug\liblpc_board_nxp_lpcxpresso_1549.a(board_sysinit.o)
 .text.Board_SetupMuxing
                0x00000bd0       0x80 D:\Akseli\Documents\LPC3\lpc_board_nxp_lpcxpresso_1549\Debug\liblpc_board_nxp_lpcxpresso_1549.a(board_sysinit.o)
                0x00000bd0                Board_SetupMuxing
 .text.Board_SetupClocking
                0x00000c50       0x3a D:\Akseli\Documents\LPC3\lpc_board_nxp_lpcxpresso_1549\Debug\liblpc_board_nxp_lpcxpresso_1549.a(board_sysinit.o)
                0x00000c50                Board_SetupClocking
 *fill*         0x00000c8a        0x2 ff
 .text.Board_SystemInit
                0x00000c8c       0x1c D:\Akseli\Documents\LPC3\lpc_board_nxp_lpcxpresso_1549\Debug\liblpc_board_nxp_lpcxpresso_1549.a(board_sysinit.o)
                0x00000c8c                Board_SystemInit
 .text.SystemCoreClockUpdate
                0x00000ca8       0x18 D:\Akseli\Documents\LPC3\lpc_chip_15xx\Debug\liblpc_chip_15xx.a(chip_15xx.o)
                0x00000ca8                SystemCoreClockUpdate
 .text.Chip_Clock_SetMain_A_ClockSource
                0x00000cc0       0x20 D:\Akseli\Documents\LPC3\lpc_chip_15xx\Debug\liblpc_chip_15xx.a(clock_15xx.o)
 .text.Chip_Clock_GetMain_A_ClockSource
                0x00000ce0       0x18 D:\Akseli\Documents\LPC3\lpc_chip_15xx\Debug\liblpc_chip_15xx.a(clock_15xx.o)
 .text.Chip_Clock_SetMain_B_ClockSource
                0x00000cf8       0x20 D:\Akseli\Documents\LPC3\lpc_chip_15xx\Debug\liblpc_chip_15xx.a(clock_15xx.o)
 .text.Chip_Clock_GetMain_B_ClockSource
                0x00000d18       0x18 D:\Akseli\Documents\LPC3\lpc_chip_15xx\Debug\liblpc_chip_15xx.a(clock_15xx.o)
 .text.Chip_Clock_SetUARTFRGDivider
                0x00000d30       0x20 D:\Akseli\Documents\LPC3\lpc_chip_15xx\Debug\liblpc_chip_15xx.a(clock_15xx.o)
 .text.Chip_Clock_GetUARTFRGDivider
                0x00000d50       0x18 D:\Akseli\Documents\LPC3\lpc_chip_15xx\Debug\liblpc_chip_15xx.a(clock_15xx.o)
 .text.Chip_Clock_GetMainOscRate
                0x00000d68       0x14 D:\Akseli\Documents\LPC3\lpc_chip_15xx\Debug\liblpc_chip_15xx.a(clock_15xx.o)
 .text.Chip_Clock_GetIntOscRate
                0x00000d7c       0x14 D:\Akseli\Documents\LPC3\lpc_chip_15xx\Debug\liblpc_chip_15xx.a(clock_15xx.o)
 .text.Chip_Clock_GetRTCOscRate
                0x00000d90       0x14 D:\Akseli\Documents\LPC3\lpc_chip_15xx\Debug\liblpc_chip_15xx.a(clock_15xx.o)
 .text.Chip_Clock_GetWDTOSCRate
                0x00000da4       0x14 D:\Akseli\Documents\LPC3\lpc_chip_15xx\Debug\liblpc_chip_15xx.a(clock_15xx.o)
 .text.Chip_Clock_GetPLLFreq
                0x00000db8       0x26 D:\Akseli\Documents\LPC3\lpc_chip_15xx\Debug\liblpc_chip_15xx.a(clock_15xx.o)
 .text.Chip_Clock_GetPLLInClockRate
                0x00000dde       0x38 D:\Akseli\Documents\LPC3\lpc_chip_15xx\Debug\liblpc_chip_15xx.a(clock_15xx.o)
 *fill*         0x00000e16        0x2 ff
 .text.Chip_Clock_GetSystemPLLInClockRate
                0x00000e18       0x1c D:\Akseli\Documents\LPC3\lpc_chip_15xx\Debug\liblpc_chip_15xx.a(clock_15xx.o)
                0x00000e18                Chip_Clock_GetSystemPLLInClockRate
 .text.Chip_Clock_GetSystemPLLOutClockRate
                0x00000e34       0x24 D:\Akseli\Documents\LPC3\lpc_chip_15xx\Debug\liblpc_chip_15xx.a(clock_15xx.o)
                0x00000e34                Chip_Clock_GetSystemPLLOutClockRate
 .text.Chip_Clock_GetMain_A_ClockRate
                0x00000e58       0x44 D:\Akseli\Documents\LPC3\lpc_chip_15xx\Debug\liblpc_chip_15xx.a(clock_15xx.o)
                0x00000e58                Chip_Clock_GetMain_A_ClockRate
 .text.Chip_Clock_GetMain_B_ClockRate
                0x00000e9c       0x58 D:\Akseli\Documents\LPC3\lpc_chip_15xx\Debug\liblpc_chip_15xx.a(clock_15xx.o)
                0x00000e9c                Chip_Clock_GetMain_B_ClockRate
 .text.Chip_Clock_SetMainClockSource
                0x00000ef4       0x3c D:\Akseli\Documents\LPC3\lpc_chip_15xx\Debug\liblpc_chip_15xx.a(clock_15xx.o)
                0x00000ef4                Chip_Clock_SetMainClockSource
 .text.Chip_Clock_GetMainClockRate
                0x00000f30       0x28 D:\Akseli\Documents\LPC3\lpc_chip_15xx\Debug\liblpc_chip_15xx.a(clock_15xx.o)
                0x00000f30                Chip_Clock_GetMainClockRate
 .text.Chip_Clock_EnablePeriphClock
                0x00000f58       0x58 D:\Akseli\Documents\LPC3\lpc_chip_15xx\Debug\liblpc_chip_15xx.a(clock_15xx.o)
                0x00000f58                Chip_Clock_EnablePeriphClock
 .text.Chip_Clock_GetUARTBaseClockRate
                0x00000fb0       0x8c D:\Akseli\Documents\LPC3\lpc_chip_15xx\Debug\liblpc_chip_15xx.a(clock_15xx.o)
                0x00000fb0                Chip_Clock_GetUARTBaseClockRate
 .text.Chip_Clock_SetUARTBaseClockRate
                0x0000103c       0xa4 D:\Akseli\Documents\LPC3\lpc_chip_15xx\Debug\liblpc_chip_15xx.a(clock_15xx.o)
                0x0000103c                Chip_Clock_SetUARTBaseClockRate
 .text.Chip_Clock_GetSystemClockRate
                0x000010e0       0x1c D:\Akseli\Documents\LPC3\lpc_chip_15xx\Debug\liblpc_chip_15xx.a(clock_15xx.o)
                0x000010e0                Chip_Clock_GetSystemClockRate
 .text.Chip_SYSCTL_PeriphReset
                0x000010fc       0x22 D:\Akseli\Documents\LPC3\lpc_chip_15xx\Debug\liblpc_chip_15xx.a(gpio_15xx.o)
 .text.Chip_GPIO_Init
                0x0000111e       0x2e D:\Akseli\Documents\LPC3\lpc_chip_15xx\Debug\liblpc_chip_15xx.a(gpio_15xx.o)
                0x0000111e                Chip_GPIO_Init
 .text.Chip_IOCON_PinMuxSet
                0x0000114c       0x2c D:\Akseli\Documents\LPC3\lpc_chip_15xx\Debug\liblpc_chip_15xx.a(iocon_15xx.o)
 .text.Chip_IOCON_SetPinMuxing
                0x00001178       0x4e D:\Akseli\Documents\LPC3\lpc_chip_15xx\Debug\liblpc_chip_15xx.a(iocon_15xx.o)
                0x00001178                Chip_IOCON_SetPinMuxing
 *fill*         0x000011c6        0x2 ff
 .text.Chip_SWM_MovablePinAssign
                0x000011c8       0x5c D:\Akseli\Documents\LPC3\lpc_chip_15xx\Debug\liblpc_chip_15xx.a(swm_15xx.o)
                0x000011c8                Chip_SWM_MovablePinAssign
 .text.Chip_SYSCTL_AssertPeriphReset
                0x00001224       0x4c D:\Akseli\Documents\LPC3\lpc_chip_15xx\Debug\liblpc_chip_15xx.a(sysctl_15xx.o)
                0x00001224                Chip_SYSCTL_AssertPeriphReset
 .text.Chip_SYSCTL_DeassertPeriphReset
                0x00001270       0x50 D:\Akseli\Documents\LPC3\lpc_chip_15xx\Debug\liblpc_chip_15xx.a(sysctl_15xx.o)
                0x00001270                Chip_SYSCTL_DeassertPeriphReset
 .text.Chip_SYSCTL_PowerDown
                0x000012c0       0x40 D:\Akseli\Documents\LPC3\lpc_chip_15xx\Debug\liblpc_chip_15xx.a(sysctl_15xx.o)
                0x000012c0                Chip_SYSCTL_PowerDown
 .text.Chip_SYSCTL_PowerUp
                0x00001300       0x40 D:\Akseli\Documents\LPC3\lpc_chip_15xx\Debug\liblpc_chip_15xx.a(sysctl_15xx.o)
                0x00001300                Chip_SYSCTL_PowerUp
 .text.Chip_FMC_SetFLASHAccess
                0x00001340       0x38 D:\Akseli\Documents\LPC3\lpc_chip_15xx\Debug\liblpc_chip_15xx.a(sysinit_15xx.o)
 .text.Chip_Clock_SetSystemPLLSource
                0x00001378       0x20 D:\Akseli\Documents\LPC3\lpc_chip_15xx\Debug\liblpc_chip_15xx.a(sysinit_15xx.o)
 .text.Chip_Clock_SetupSystemPLL
                0x00001398       0x34 D:\Akseli\Documents\LPC3\lpc_chip_15xx\Debug\liblpc_chip_15xx.a(sysinit_15xx.o)
 .text.Chip_Clock_IsSystemPLLLocked
                0x000013cc       0x24 D:\Akseli\Documents\LPC3\lpc_chip_15xx\Debug\liblpc_chip_15xx.a(sysinit_15xx.o)
 .text.Chip_Clock_SetSysClockDiv
                0x000013f0       0x20 D:\Akseli\Documents\LPC3\lpc_chip_15xx\Debug\liblpc_chip_15xx.a(sysinit_15xx.o)
 .text.Chip_SetupXtalClocking
                0x00001410       0x6c D:\Akseli\Documents\LPC3\lpc_chip_15xx\Debug\liblpc_chip_15xx.a(sysinit_15xx.o)
                0x00001410                Chip_SetupXtalClocking
 .text.Chip_SYSCTL_PeriphReset
                0x0000147c       0x22 D:\Akseli\Documents\LPC3\lpc_chip_15xx\Debug\liblpc_chip_15xx.a(uart_15xx.o)
 .text.Chip_UART_SendByte
                0x0000149e       0x1c D:\Akseli\Documents\LPC3\lpc_chip_15xx\Debug\liblpc_chip_15xx.a(uart_15xx.o)
 .text.Chip_UART_ReadByte
                0x000014ba       0x1a D:\Akseli\Documents\LPC3\lpc_chip_15xx\Debug\liblpc_chip_15xx.a(uart_15xx.o)
 .text.Chip_UART_GetStatus
                0x000014d4       0x16 D:\Akseli\Documents\LPC3\lpc_chip_15xx\Debug\liblpc_chip_15xx.a(uart_15xx.o)
 *fill*         0x000014ea        0x2 ff
 .text.getUARTClockID
                0x000014ec       0x34 D:\Akseli\Documents\LPC3\lpc_chip_15xx\Debug\liblpc_chip_15xx.a(uart_15xx.o)
 .text.Chip_UART_Init
                0x00001520       0x4c D:\Akseli\Documents\LPC3\lpc_chip_15xx\Debug\liblpc_chip_15xx.a(uart_15xx.o)
                0x00001520                Chip_UART_Init
 .text.Chip_UART_Send
                0x0000156c       0x50 D:\Akseli\Documents\LPC3\lpc_chip_15xx\Debug\liblpc_chip_15xx.a(uart_15xx.o)
                0x0000156c                Chip_UART_Send
 .text.Chip_UART_SendBlocking
                0x000015bc       0x4a D:\Akseli\Documents\LPC3\lpc_chip_15xx\Debug\liblpc_chip_15xx.a(uart_15xx.o)
                0x000015bc                Chip_UART_SendBlocking
 .text.Chip_UART_Read
                0x00001606       0x52 D:\Akseli\Documents\LPC3\lpc_chip_15xx\Debug\liblpc_chip_15xx.a(uart_15xx.o)
                0x00001606                Chip_UART_Read
 .text.Chip_UART_SetBaud
                0x00001658       0x2a D:\Akseli\Documents\LPC3\lpc_chip_15xx\Debug\liblpc_chip_15xx.a(uart_15xx.o)
                0x00001658                Chip_UART_SetBaud
 .text.xTaskCreate
                0x00001682       0x84 D:\Akseli\Documents\LPC3\FreeRTOS\Debug\libFreeRTOS.a(tasks.o)
                0x00001682                xTaskCreate
 .text.prvInitialiseNewTask
                0x00001706      0x184 D:\Akseli\Documents\LPC3\FreeRTOS\Debug\libFreeRTOS.a(tasks.o)
 *fill*         0x0000188a        0x2 ff
 .text.prvAddNewTaskToReadyList
                0x0000188c       0xdc D:\Akseli\Documents\LPC3\FreeRTOS\Debug\libFreeRTOS.a(tasks.o)
 .text.vTaskDelay
                0x00001968       0x48 D:\Akseli\Documents\LPC3\FreeRTOS\Debug\libFreeRTOS.a(tasks.o)
                0x00001968                vTaskDelay
 .text.vTaskStartScheduler
                0x000019b0       0xa0 D:\Akseli\Documents\LPC3\FreeRTOS\Debug\libFreeRTOS.a(tasks.o)
                0x000019b0                vTaskStartScheduler
 .text.vTaskSuspendAll
                0x00001a50       0x1c D:\Akseli\Documents\LPC3\FreeRTOS\Debug\libFreeRTOS.a(tasks.o)
                0x00001a50                vTaskSuspendAll
 .text.xTaskResumeAll
                0x00001a6c      0x11c D:\Akseli\Documents\LPC3\FreeRTOS\Debug\libFreeRTOS.a(tasks.o)
                0x00001a6c                xTaskResumeAll
 .text.xTaskIncrementTick
                0x00001b88      0x150 D:\Akseli\Documents\LPC3\FreeRTOS\Debug\libFreeRTOS.a(tasks.o)
                0x00001b88                xTaskIncrementTick
 .text.vTaskSwitchContext
                0x00001cd8       0xe4 D:\Akseli\Documents\LPC3\FreeRTOS\Debug\libFreeRTOS.a(tasks.o)
                0x00001cd8                vTaskSwitchContext
 .text.prvIdleTask
                0x00001dbc        0xe D:\Akseli\Documents\LPC3\FreeRTOS\Debug\libFreeRTOS.a(tasks.o)
 *fill*         0x00001dca        0x2 ff
 .text.prvInitialiseTaskLists
                0x00001dcc       0x80 D:\Akseli\Documents\LPC3\FreeRTOS\Debug\libFreeRTOS.a(tasks.o)
 .text.prvCheckTasksWaitingTermination
                0x00001e4c       0x58 D:\Akseli\Documents\LPC3\FreeRTOS\Debug\libFreeRTOS.a(tasks.o)
 .text.prvDeleteTCB
                0x00001ea4       0x2a D:\Akseli\Documents\LPC3\FreeRTOS\Debug\libFreeRTOS.a(tasks.o)
 *fill*         0x00001ece        0x2 ff
 .text.prvResetNextTaskUnblockTime
                0x00001ed0       0x40 D:\Akseli\Documents\LPC3\FreeRTOS\Debug\libFreeRTOS.a(tasks.o)
 .text.prvAddCurrentTaskToDelayedList
                0x00001f10       0xcc D:\Akseli\Documents\LPC3\FreeRTOS\Debug\libFreeRTOS.a(tasks.o)
 .text.pvPortMalloc
                0x00001fdc       0x2e D:\Akseli\Documents\LPC3\FreeRTOS\Debug\libFreeRTOS.a(heap_3.o)
                0x00001fdc                pvPortMalloc
 .text.vPortFree
                0x0000200a       0x24 D:\Akseli\Documents\LPC3\FreeRTOS\Debug\libFreeRTOS.a(heap_3.o)
                0x0000200a                vPortFree
 *fill*         0x0000202e        0x2 ff
 .text.pxPortInitialiseStack
                0x00002030       0x58 D:\Akseli\Documents\LPC3\FreeRTOS\Debug\libFreeRTOS.a(port.o)
                0x00002030                pxPortInitialiseStack
 .text.prvTaskExitError
                0x00002088       0x2e D:\Akseli\Documents\LPC3\FreeRTOS\Debug\libFreeRTOS.a(port.o)
 *fill*         0x000020b6        0xa ff
 .text.SVC_Handler
                0x000020c0       0x28 D:\Akseli\Documents\LPC3\FreeRTOS\Debug\libFreeRTOS.a(port.o)
                0x000020c0                SVC_Handler
 .text.prvPortStartFirstTask
                0x000020e8       0x20 D:\Akseli\Documents\LPC3\FreeRTOS\Debug\libFreeRTOS.a(port.o)
 .text.xPortStartScheduler
                0x00002108       0x40 D:\Akseli\Documents\LPC3\FreeRTOS\Debug\libFreeRTOS.a(port.o)
                0x00002108                xPortStartScheduler
 .text.vPortEnterCritical
                0x00002148       0x30 D:\Akseli\Documents\LPC3\FreeRTOS\Debug\libFreeRTOS.a(port.o)
                0x00002148                vPortEnterCritical
 .text.vPortExitCritical
                0x00002178       0x30 D:\Akseli\Documents\LPC3\FreeRTOS\Debug\libFreeRTOS.a(port.o)
                0x00002178                vPortExitCritical
 *fill*         0x000021a8        0x8 ff
 .text.PendSV_Handler
                0x000021b0       0x48 D:\Akseli\Documents\LPC3\FreeRTOS\Debug\libFreeRTOS.a(port.o)
                0x000021b0                PendSV_Handler
 .text.SysTick_Handler
                0x000021f8       0x40 D:\Akseli\Documents\LPC3\FreeRTOS\Debug\libFreeRTOS.a(port.o)
                0x000021f8                SysTick_Handler
 .text.vPortSetupTimerInterrupt
                0x00002238       0x44 D:\Akseli\Documents\LPC3\FreeRTOS\Debug\libFreeRTOS.a(port.o)
                0x00002238                vPortSetupTimerInterrupt
 .text.vApplicationMallocFailedHook
                0x0000227c       0x1c D:\Akseli\Documents\LPC3\FreeRTOS\Debug\libFreeRTOS.a(FreeRTOSCommonHooks.o)
                0x0000227c                vApplicationMallocFailedHook
 .text.vApplicationStackOverflowHook
                0x00002298       0x20 D:\Akseli\Documents\LPC3\FreeRTOS\Debug\libFreeRTOS.a(FreeRTOSCommonHooks.o)
                0x00002298                vApplicationStackOverflowHook
 .text.vListInitialise
                0x000022b8       0x3e D:\Akseli\Documents\LPC3\FreeRTOS\Debug\libFreeRTOS.a(list.o)
                0x000022b8                vListInitialise
 .text.vListInitialiseItem
                0x000022f6       0x18 D:\Akseli\Documents\LPC3\FreeRTOS\Debug\libFreeRTOS.a(list.o)
                0x000022f6                vListInitialiseItem
 .text.vListInsertEnd
                0x0000230e       0x46 D:\Akseli\Documents\LPC3\FreeRTOS\Debug\libFreeRTOS.a(list.o)
                0x0000230e                vListInsertEnd
 .text.vListInsert
                0x00002354       0x70 D:\Akseli\Documents\LPC3\FreeRTOS\Debug\libFreeRTOS.a(list.o)
                0x00002354                vListInsert
 .text.uxListRemove
                0x000023c4       0x52 D:\Akseli\Documents\LPC3\FreeRTOS\Debug\libFreeRTOS.a(list.o)
                0x000023c4                uxListRemove
 *fill*         0x00002416        0x2 ff
 .text          0x00002418       0x30 c:/nxp/mcuxpressoide_11.0.0_2516/ide/plugins/com.nxp.mcuxpresso.tools.win32_11.0.0.201905131304/tools/bin/../lib/gcc/arm-none-eabi/8.2.1/thumb/v7-m/nofp\libgcc.a(_aeabi_uldivmod.o)
                0x00002418                __aeabi_uldivmod
 .text          0x00002448      0x2d0 c:/nxp/mcuxpressoide_11.0.0_2516/ide/plugins/com.nxp.mcuxpresso.tools.win32_11.0.0.201905131304/tools/bin/../lib/gcc/arm-none-eabi/8.2.1/thumb/v7-m/nofp\libgcc.a(_udivmoddi4.o)
                0x00002448                __udivmoddi4
 .text          0x00002718        0x4 c:/nxp/mcuxpressoide_11.0.0_2516/ide/plugins/com.nxp.mcuxpresso.tools.win32_11.0.0.201905131304/tools/bin/../lib/gcc/arm-none-eabi/8.2.1/thumb/v7-m/nofp\libgcc.a(_dvmd_tls.o)
                0x00002718                __aeabi_idiv0
                0x00002718                __aeabi_ldiv0
 .text.__libc_init_array
                0x0000271c       0x48 c:/nxp/mcuxpressoide_11.0.0_2516/ide/plugins/com.nxp.mcuxpresso.tools.win32_11.0.0.201905131304/tools/bin/../lib/gcc/arm-none-eabi/8.2.1/../../../../arm-none-eabi/lib/thumb/v7-m/nofp\libc.a(lib_a-init.o)
                0x0000271c                __libc_init_array
 .text.malloc   0x00002764       0x10 c:/nxp/mcuxpressoide_11.0.0_2516/ide/plugins/com.nxp.mcuxpresso.tools.win32_11.0.0.201905131304/tools/bin/../lib/gcc/arm-none-eabi/8.2.1/../../../../arm-none-eabi/lib/thumb/v7-m/nofp\libc.a(lib_a-malloc.o)
                0x00002764                malloc
 .text.free     0x00002774       0x10 c:/nxp/mcuxpressoide_11.0.0_2516/ide/plugins/com.nxp.mcuxpresso.tools.win32_11.0.0.201905131304/tools/bin/../lib/gcc/arm-none-eabi/8.2.1/../../../../arm-none-eabi/lib/thumb/v7-m/nofp\libc.a(lib_a-malloc.o)
                0x00002774                free
 .text._malloc_r
                0x00002784      0x558 c:/nxp/mcuxpressoide_11.0.0_2516/ide/plugins/com.nxp.mcuxpresso.tools.win32_11.0.0.201905131304/tools/bin/../lib/gcc/arm-none-eabi/8.2.1/../../../../arm-none-eabi/lib/thumb/v7-m/nofp\libc.a(lib_a-mallocr.o)
                0x00002784                _malloc_r
 .text          0x00002cdc       0xec c:/nxp/mcuxpressoide_11.0.0_2516/ide/plugins/com.nxp.mcuxpresso.tools.win32_11.0.0.201905131304/tools/bin/../lib/gcc/arm-none-eabi/8.2.1/../../../../arm-none-eabi/lib/thumb/v7-m/nofp\libc.a(lib_a-memcpy.o)
                0x00002cdc                memcpy
 .text.memset   0x00002dc8       0xa0 c:/nxp/mcuxpressoide_11.0.0_2516/ide/plugins/com.nxp.mcuxpresso.tools.win32_11.0.0.201905131304/tools/bin/../lib/gcc/arm-none-eabi/8.2.1/../../../../arm-none-eabi/lib/thumb/v7-m/nofp\libc.a(lib_a-memset.o)
                0x00002dc8                memset
 .text.__malloc_lock
                0x00002e68        0xc c:/nxp/mcuxpressoide_11.0.0_2516/ide/plugins/com.nxp.mcuxpresso.tools.win32_11.0.0.201905131304/tools/bin/../lib/gcc/arm-none-eabi/8.2.1/../../../../arm-none-eabi/lib/thumb/v7-m/nofp\libc.a(lib_a-mlock.o)
                0x00002e68                __malloc_lock
 .text.__malloc_unlock
                0x00002e74        0xc c:/nxp/mcuxpressoide_11.0.0_2516/ide/plugins/com.nxp.mcuxpresso.tools.win32_11.0.0.201905131304/tools/bin/../lib/gcc/arm-none-eabi/8.2.1/../../../../arm-none-eabi/lib/thumb/v7-m/nofp\libc.a(lib_a-mlock.o)
                0x00002e74                __malloc_unlock
 .text.printf   0x00002e80       0x28 c:/nxp/mcuxpressoide_11.0.0_2516/ide/plugins/com.nxp.mcuxpresso.tools.win32_11.0.0.201905131304/tools/bin/../lib/gcc/arm-none-eabi/8.2.1/../../../../arm-none-eabi/lib/thumb/v7-m/nofp\libc.a(lib_a-printf.o)
                0x00002e80                printf
 .text.cleanup_glue
                0x00002ea8       0x1c c:/nxp/mcuxpressoide_11.0.0_2516/ide/plugins/com.nxp.mcuxpresso.tools.win32_11.0.0.201905131304/tools/bin/../lib/gcc/arm-none-eabi/8.2.1/../../../../arm-none-eabi/lib/thumb/v7-m/nofp\libc.a(lib_a-reent.o)
                0x00002ea8                cleanup_glue
 .text._reclaim_reent
                0x00002ec4       0x88 c:/nxp/mcuxpressoide_11.0.0_2516/ide/plugins/com.nxp.mcuxpresso.tools.win32_11.0.0.201905131304/tools/bin/../lib/gcc/arm-none-eabi/8.2.1/../../../../arm-none-eabi/lib/thumb/v7-m/nofp\libc.a(lib_a-reent.o)
                0x00002ec4                _reclaim_reent
 .text._sbrk_r  0x00002f4c       0x24 c:/nxp/mcuxpressoide_11.0.0_2516/ide/plugins/com.nxp.mcuxpresso.tools.win32_11.0.0.201905131304/tools/bin/../lib/gcc/arm-none-eabi/8.2.1/../../../../arm-none-eabi/lib/thumb/v7-m/nofp\libc.a(lib_a-sbrkr.o)
                0x00002f4c                _sbrk_r
 .text.strlen   0x00002f70       0x5c c:/nxp/mcuxpressoide_11.0.0_2516/ide/plugins/com.nxp.mcuxpresso.tools.win32_11.0.0.201905131304/tools/bin/../lib/gcc/arm-none-eabi/8.2.1/../../../../arm-none-eabi/lib/thumb/v7-m/nofp\libc.a(lib_a-strlen-stub.o)
                0x00002f70                strlen
 .text._vfprintf_r
                0x00002fcc     0x1b6c c:/nxp/mcuxpressoide_11.0.0_2516/ide/plugins/com.nxp.mcuxpresso.tools.win32_11.0.0.201905131304/tools/bin/../lib/gcc/arm-none-eabi/8.2.1/../../../../arm-none-eabi/lib/thumb/v7-m/nofp\libc.a(lib_a-vfprintf.o)
                0x00002fcc                _vfprintf_r
 .text.__sbprintf
                0x00004b38       0x88 c:/nxp/mcuxpressoide_11.0.0_2516/ide/plugins/com.nxp.mcuxpresso.tools.win32_11.0.0.201905131304/tools/bin/../lib/gcc/arm-none-eabi/8.2.1/../../../../arm-none-eabi/lib/thumb/v7-m/nofp\libc.a(lib_a-vfprintf.o)
 .text.__swsetup_r
                0x00004bc0       0xcc c:/nxp/mcuxpressoide_11.0.0_2516/ide/plugins/com.nxp.mcuxpresso.tools.win32_11.0.0.201905131304/tools/bin/../lib/gcc/arm-none-eabi/8.2.1/../../../../arm-none-eabi/lib/thumb/v7-m/nofp\libc.a(lib_a-wsetup.o)
                0x00004bc0                __swsetup_r
 .text.quorem   0x00004c8c      0x12c c:/nxp/mcuxpressoide_11.0.0_2516/ide/plugins/com.nxp.mcuxpresso.tools.win32_11.0.0.201905131304/tools/bin/../lib/gcc/arm-none-eabi/8.2.1/../../../../arm-none-eabi/lib/thumb/v7-m/nofp\libc.a(lib_a-dtoa.o)
 .text._dtoa_r  0x00004db8      0xe6c c:/nxp/mcuxpressoide_11.0.0_2516/ide/plugins/com.nxp.mcuxpresso.tools.win32_11.0.0.201905131304/tools/bin/../lib/gcc/arm-none-eabi/8.2.1/../../../../arm-none-eabi/lib/thumb/v7-m/nofp\libc.a(lib_a-dtoa.o)
                0x00004db8                _dtoa_r
 .text.__sflush_r
                0x00005c24      0x13c c:/nxp/mcuxpressoide_11.0.0_2516/ide/plugins/com.nxp.mcuxpresso.tools.win32_11.0.0.201905131304/tools/bin/../lib/gcc/arm-none-eabi/8.2.1/../../../../arm-none-eabi/lib/thumb/v7-m/nofp\libc.a(lib_a-fflush.o)
                0x00005c24                __sflush_r
 .text._fflush_r
                0x00005d60       0x5c c:/nxp/mcuxpressoide_11.0.0_2516/ide/plugins/com.nxp.mcuxpresso.tools.win32_11.0.0.201905131304/tools/bin/../lib/gcc/arm-none-eabi/8.2.1/../../../../arm-none-eabi/lib/thumb/v7-m/nofp\libc.a(lib_a-fflush.o)
                0x00005d60                _fflush_r
 .text.std      0x00005dbc       0x50 c:/nxp/mcuxpressoide_11.0.0_2516/ide/plugins/com.nxp.mcuxpresso.tools.win32_11.0.0.201905131304/tools/bin/../lib/gcc/arm-none-eabi/8.2.1/../../../../arm-none-eabi/lib/thumb/v7-m/nofp\libc.a(lib_a-findfp.o)
 .text._cleanup_r
                0x00005e0c        0xc c:/nxp/mcuxpressoide_11.0.0_2516/ide/plugins/com.nxp.mcuxpresso.tools.win32_11.0.0.201905131304/tools/bin/../lib/gcc/arm-none-eabi/8.2.1/../../../../arm-none-eabi/lib/thumb/v7-m/nofp\libc.a(lib_a-findfp.o)
                0x00005e0c                _cleanup_r
 .text.__sinit  0x00005e18       0x5c c:/nxp/mcuxpressoide_11.0.0_2516/ide/plugins/com.nxp.mcuxpresso.tools.win32_11.0.0.201905131304/tools/bin/../lib/gcc/arm-none-eabi/8.2.1/../../../../arm-none-eabi/lib/thumb/v7-m/nofp\libc.a(lib_a-findfp.o)
                0x00005e18                __sinit
 .text.__sfp_lock_acquire
                0x00005e74        0xc c:/nxp/mcuxpressoide_11.0.0_2516/ide/plugins/com.nxp.mcuxpresso.tools.win32_11.0.0.201905131304/tools/bin/../lib/gcc/arm-none-eabi/8.2.1/../../../../arm-none-eabi/lib/thumb/v7-m/nofp\libc.a(lib_a-findfp.o)
                0x00005e74                __sfp_lock_acquire
 .text.__sfp_lock_release
                0x00005e80        0xc c:/nxp/mcuxpressoide_11.0.0_2516/ide/plugins/com.nxp.mcuxpresso.tools.win32_11.0.0.201905131304/tools/bin/../lib/gcc/arm-none-eabi/8.2.1/../../../../arm-none-eabi/lib/thumb/v7-m/nofp\libc.a(lib_a-findfp.o)
                0x00005e80                __sfp_lock_release
 .text._malloc_trim_r
                0x00005e8c       0xa0 c:/nxp/mcuxpressoide_11.0.0_2516/ide/plugins/com.nxp.mcuxpresso.tools.win32_11.0.0.201905131304/tools/bin/../lib/gcc/arm-none-eabi/8.2.1/../../../../arm-none-eabi/lib/thumb/v7-m/nofp\libc.a(lib_a-freer.o)
                0x00005e8c                _malloc_trim_r
 .text._free_r  0x00005f2c      0x1ec c:/nxp/mcuxpressoide_11.0.0_2516/ide/plugins/com.nxp.mcuxpresso.tools.win32_11.0.0.201905131304/tools/bin/../lib/gcc/arm-none-eabi/8.2.1/../../../../arm-none-eabi/lib/thumb/v7-m/nofp\libc.a(lib_a-freer.o)
                0x00005f2c                _free_r
 .text._fwalk_reent
                0x00006118       0x50 c:/nxp/mcuxpressoide_11.0.0_2516/ide/plugins/com.nxp.mcuxpresso.tools.win32_11.0.0.201905131304/tools/bin/../lib/gcc/arm-none-eabi/8.2.1/../../../../arm-none-eabi/lib/thumb/v7-m/nofp\libc.a(lib_a-fwalk.o)
                0x00006118                _fwalk_reent
 .text._localeconv_r
                0x00006168        0x8 c:/nxp/mcuxpressoide_11.0.0_2516/ide/plugins/com.nxp.mcuxpresso.tools.win32_11.0.0.201905131304/tools/bin/../lib/gcc/arm-none-eabi/8.2.1/../../../../arm-none-eabi/lib/thumb/v7-m/nofp\libc.a(lib_a-localeconv.o)
                0x00006168                _localeconv_r
 .text.__retarget_lock_init_recursive
                0x00006170        0x4 c:/nxp/mcuxpressoide_11.0.0_2516/ide/plugins/com.nxp.mcuxpresso.tools.win32_11.0.0.201905131304/tools/bin/../lib/gcc/arm-none-eabi/8.2.1/../../../../arm-none-eabi/lib/thumb/v7-m/nofp\libc.a(lib_a-lock.o)
                0x00006170                __retarget_lock_init_recursive
 .text.__retarget_lock_close_recursive
                0x00006174        0x4 c:/nxp/mcuxpressoide_11.0.0_2516/ide/plugins/com.nxp.mcuxpresso.tools.win32_11.0.0.201905131304/tools/bin/../lib/gcc/arm-none-eabi/8.2.1/../../../../arm-none-eabi/lib/thumb/v7-m/nofp\libc.a(lib_a-lock.o)
                0x00006174                __retarget_lock_close_recursive
 .text.__retarget_lock_acquire_recursive
                0x00006178        0x4 c:/nxp/mcuxpressoide_11.0.0_2516/ide/plugins/com.nxp.mcuxpresso.tools.win32_11.0.0.201905131304/tools/bin/../lib/gcc/arm-none-eabi/8.2.1/../../../../arm-none-eabi/lib/thumb/v7-m/nofp\libc.a(lib_a-lock.o)
                0x00006178                __retarget_lock_acquire_recursive
 .text.__retarget_lock_release_recursive
                0x0000617c        0x4 c:/nxp/mcuxpressoide_11.0.0_2516/ide/plugins/com.nxp.mcuxpresso.tools.win32_11.0.0.201905131304/tools/bin/../lib/gcc/arm-none-eabi/8.2.1/../../../../arm-none-eabi/lib/thumb/v7-m/nofp\libc.a(lib_a-lock.o)
                0x0000617c                __retarget_lock_release_recursive
 .text.__swhatbuf_r
                0x00006180       0x5c c:/nxp/mcuxpressoide_11.0.0_2516/ide/plugins/com.nxp.mcuxpresso.tools.win32_11.0.0.201905131304/tools/bin/../lib/gcc/arm-none-eabi/8.2.1/../../../../arm-none-eabi/lib/thumb/v7-m/nofp\libc.a(lib_a-makebuf.o)
                0x00006180                __swhatbuf_r
 .text.__smakebuf_r
                0x000061dc       0x94 c:/nxp/mcuxpressoide_11.0.0_2516/ide/plugins/com.nxp.mcuxpresso.tools.win32_11.0.0.201905131304/tools/bin/../lib/gcc/arm-none-eabi/8.2.1/../../../../arm-none-eabi/lib/thumb/v7-m/nofp\libc.a(lib_a-makebuf.o)
                0x000061dc                __smakebuf_r
 .text.memchr   0x00006270       0x8c c:/nxp/mcuxpressoide_11.0.0_2516/ide/plugins/com.nxp.mcuxpresso.tools.win32_11.0.0.201905131304/tools/bin/../lib/gcc/arm-none-eabi/8.2.1/../../../../arm-none-eabi/lib/thumb/v7-m/nofp\libc.a(lib_a-memchr-stub.o)
                0x00006270                memchr
 .text._Balloc  0x000062fc       0x4c c:/nxp/mcuxpressoide_11.0.0_2516/ide/plugins/com.nxp.mcuxpresso.tools.win32_11.0.0.201905131304/tools/bin/../lib/gcc/arm-none-eabi/8.2.1/../../../../arm-none-eabi/lib/thumb/v7-m/nofp\libc.a(lib_a-mprec.o)
                0x000062fc                _Balloc
 .text._Bfree   0x00006348       0x14 c:/nxp/mcuxpressoide_11.0.0_2516/ide/plugins/com.nxp.mcuxpresso.tools.win32_11.0.0.201905131304/tools/bin/../lib/gcc/arm-none-eabi/8.2.1/../../../../arm-none-eabi/lib/thumb/v7-m/nofp\libc.a(lib_a-mprec.o)
                0x00006348                _Bfree
 .text.__multadd
                0x0000635c       0x8c c:/nxp/mcuxpressoide_11.0.0_2516/ide/plugins/com.nxp.mcuxpresso.tools.win32_11.0.0.201905131304/tools/bin/../lib/gcc/arm-none-eabi/8.2.1/../../../../arm-none-eabi/lib/thumb/v7-m/nofp\libc.a(lib_a-mprec.o)
                0x0000635c                __multadd
 .text.__hi0bits
                0x000063e8       0x40 c:/nxp/mcuxpressoide_11.0.0_2516/ide/plugins/com.nxp.mcuxpresso.tools.win32_11.0.0.201905131304/tools/bin/../lib/gcc/arm-none-eabi/8.2.1/../../../../arm-none-eabi/lib/thumb/v7-m/nofp\libc.a(lib_a-mprec.o)
                0x000063e8                __hi0bits
 .text.__lo0bits
                0x00006428       0x60 c:/nxp/mcuxpressoide_11.0.0_2516/ide/plugins/com.nxp.mcuxpresso.tools.win32_11.0.0.201905131304/tools/bin/../lib/gcc/arm-none-eabi/8.2.1/../../../../arm-none-eabi/lib/thumb/v7-m/nofp\libc.a(lib_a-mprec.o)
                0x00006428                __lo0bits
 .text.__i2b    0x00006488       0x14 c:/nxp/mcuxpressoide_11.0.0_2516/ide/plugins/com.nxp.mcuxpresso.tools.win32_11.0.0.201905131304/tools/bin/../lib/gcc/arm-none-eabi/8.2.1/../../../../arm-none-eabi/lib/thumb/v7-m/nofp\libc.a(lib_a-mprec.o)
                0x00006488                __i2b
 .text.__multiply
                0x0000649c      0x130 c:/nxp/mcuxpressoide_11.0.0_2516/ide/plugins/com.nxp.mcuxpresso.tools.win32_11.0.0.201905131304/tools/bin/../lib/gcc/arm-none-eabi/8.2.1/../../../../arm-none-eabi/lib/thumb/v7-m/nofp\libc.a(lib_a-mprec.o)
                0x0000649c                __multiply
 .text.__pow5mult
                0x000065cc       0xa0 c:/nxp/mcuxpressoide_11.0.0_2516/ide/plugins/com.nxp.mcuxpresso.tools.win32_11.0.0.201905131304/tools/bin/../lib/gcc/arm-none-eabi/8.2.1/../../../../arm-none-eabi/lib/thumb/v7-m/nofp\libc.a(lib_a-mprec.o)
                0x000065cc                __pow5mult
 .text.__lshift
                0x0000666c       0xb4 c:/nxp/mcuxpressoide_11.0.0_2516/ide/plugins/com.nxp.mcuxpresso.tools.win32_11.0.0.201905131304/tools/bin/../lib/gcc/arm-none-eabi/8.2.1/../../../../arm-none-eabi/lib/thumb/v7-m/nofp\libc.a(lib_a-mprec.o)
                0x0000666c                __lshift
 .text.__mcmp   0x00006720       0x38 c:/nxp/mcuxpressoide_11.0.0_2516/ide/plugins/com.nxp.mcuxpresso.tools.win32_11.0.0.201905131304/tools/bin/../lib/gcc/arm-none-eabi/8.2.1/../../../../arm-none-eabi/lib/thumb/v7-m/nofp\libc.a(lib_a-mprec.o)
                0x00006720                __mcmp
 .text.__mdiff  0x00006758      0x100 c:/nxp/mcuxpressoide_11.0.0_2516/ide/plugins/com.nxp.mcuxpresso.tools.win32_11.0.0.201905131304/tools/bin/../lib/gcc/arm-none-eabi/8.2.1/../../../../arm-none-eabi/lib/thumb/v7-m/nofp\libc.a(lib_a-mprec.o)
                0x00006758                __mdiff
 .text.__d2b    0x00006858       0xac c:/nxp/mcuxpressoide_11.0.0_2516/ide/plugins/com.nxp.mcuxpresso.tools.win32_11.0.0.201905131304/tools/bin/../lib/gcc/arm-none-eabi/8.2.1/../../../../arm-none-eabi/lib/thumb/v7-m/nofp\libc.a(lib_a-mprec.o)
                0x00006858                __d2b
 .text.frexp    0x00006904       0x70 c:/nxp/mcuxpressoide_11.0.0_2516/ide/plugins/com.nxp.mcuxpresso.tools.win32_11.0.0.201905131304/tools/bin/../lib/gcc/arm-none-eabi/8.2.1/../../../../arm-none-eabi/lib/thumb/v7-m/nofp\libc.a(lib_a-s_frexp.o)
                0x00006904                frexp
 .text.__sread  0x00006974       0x24 c:/nxp/mcuxpressoide_11.0.0_2516/ide/plugins/com.nxp.mcuxpresso.tools.win32_11.0.0.201905131304/tools/bin/../lib/gcc/arm-none-eabi/8.2.1/../../../../arm-none-eabi/lib/thumb/v7-m/nofp\libc.a(lib_a-stdio.o)
                0x00006974                __sread
 .text.__swrite
                0x00006998       0x40 c:/nxp/mcuxpressoide_11.0.0_2516/ide/plugins/com.nxp.mcuxpresso.tools.win32_11.0.0.201905131304/tools/bin/../lib/gcc/arm-none-eabi/8.2.1/../../../../arm-none-eabi/lib/thumb/v7-m/nofp\libc.a(lib_a-stdio.o)
                0x00006998                __swrite
 .text.__sseek  0x000069d8       0x20 c:/nxp/mcuxpressoide_11.0.0_2516/ide/plugins/com.nxp.mcuxpresso.tools.win32_11.0.0.201905131304/tools/bin/../lib/gcc/arm-none-eabi/8.2.1/../../../../arm-none-eabi/lib/thumb/v7-m/nofp\libc.a(lib_a-stdio.o)
                0x000069d8                __sseek
 .text.__sclose
                0x000069f8        0x8 c:/nxp/mcuxpressoide_11.0.0_2516/ide/plugins/com.nxp.mcuxpresso.tools.win32_11.0.0.201905131304/tools/bin/../lib/gcc/arm-none-eabi/8.2.1/../../../../arm-none-eabi/lib/thumb/v7-m/nofp\libc.a(lib_a-stdio.o)
                0x000069f8                __sclose
 .text.strncpy  0x00006a00       0x74 c:/nxp/mcuxpressoide_11.0.0_2516/ide/plugins/com.nxp.mcuxpresso.tools.win32_11.0.0.201905131304/tools/bin/../lib/gcc/arm-none-eabi/8.2.1/../../../../arm-none-eabi/lib/thumb/v7-m/nofp\libc.a(lib_a-strncpy.o)
                0x00006a00                strncpy
 .text.__sprint_r.part.0
                0x00006a74       0x78 c:/nxp/mcuxpressoide_11.0.0_2516/ide/plugins/com.nxp.mcuxpresso.tools.win32_11.0.0.201905131304/tools/bin/../lib/gcc/arm-none-eabi/8.2.1/../../../../arm-none-eabi/lib/thumb/v7-m/nofp\libc.a(lib_a-vfiprintf.o)
 .text.__sprint_r
                0x00006aec       0x14 c:/nxp/mcuxpressoide_11.0.0_2516/ide/plugins/com.nxp.mcuxpresso.tools.win32_11.0.0.201905131304/tools/bin/../lib/gcc/arm-none-eabi/8.2.1/../../../../arm-none-eabi/lib/thumb/v7-m/nofp\libc.a(lib_a-vfiprintf.o)
                0x00006aec                __sprint_r
 .text._write_r
                0x00006b00       0x2c c:/nxp/mcuxpressoide_11.0.0_2516/ide/plugins/com.nxp.mcuxpresso.tools.win32_11.0.0.201905131304/tools/bin/../lib/gcc/arm-none-eabi/8.2.1/../../../../arm-none-eabi/lib/thumb/v7-m/nofp\libc.a(lib_a-writer.o)
                0x00006b00                _write_r
 .text._calloc_r
                0x00006b2c       0x60 c:/nxp/mcuxpressoide_11.0.0_2516/ide/plugins/com.nxp.mcuxpresso.tools.win32_11.0.0.201905131304/tools/bin/../lib/gcc/arm-none-eabi/8.2.1/../../../../arm-none-eabi/lib/thumb/v7-m/nofp\libc.a(lib_a-callocr.o)
                0x00006b2c                _calloc_r
 .text._close_r
                0x00006b8c       0x24 c:/nxp/mcuxpressoide_11.0.0_2516/ide/plugins/com.nxp.mcuxpresso.tools.win32_11.0.0.201905131304/tools/bin/../lib/gcc/arm-none-eabi/8.2.1/../../../../arm-none-eabi/lib/thumb/v7-m/nofp\libc.a(lib_a-closer.o)
                0x00006b8c                _close_r
 .text._fclose_r
                0x00006bb0       0xd0 c:/nxp/mcuxpressoide_11.0.0_2516/ide/plugins/com.nxp.mcuxpresso.tools.win32_11.0.0.201905131304/tools/bin/../lib/gcc/arm-none-eabi/8.2.1/../../../../arm-none-eabi/lib/thumb/v7-m/nofp\libc.a(lib_a-fclose.o)
                0x00006bb0                _fclose_r
 .text.__fputwc
                0x00006c80       0x94 c:/nxp/mcuxpressoide_11.0.0_2516/ide/plugins/com.nxp.mcuxpresso.tools.win32_11.0.0.201905131304/tools/bin/../lib/gcc/arm-none-eabi/8.2.1/../../../../arm-none-eabi/lib/thumb/v7-m/nofp\libc.a(lib_a-fputwc.o)
                0x00006c80                __fputwc
 .text._fputwc_r
                0x00006d14       0x64 c:/nxp/mcuxpressoide_11.0.0_2516/ide/plugins/com.nxp.mcuxpresso.tools.win32_11.0.0.201905131304/tools/bin/../lib/gcc/arm-none-eabi/8.2.1/../../../../arm-none-eabi/lib/thumb/v7-m/nofp\libc.a(lib_a-fputwc.o)
                0x00006d14                _fputwc_r
 .text._fstat_r
                0x00006d78       0x28 c:/nxp/mcuxpressoide_11.0.0_2516/ide/plugins/com.nxp.mcuxpresso.tools.win32_11.0.0.201905131304/tools/bin/../lib/gcc/arm-none-eabi/8.2.1/../../../../arm-none-eabi/lib/thumb/v7-m/nofp\libc.a(lib_a-fstatr.o)
                0x00006d78                _fstat_r
 .text.__sfvwrite_r
                0x00006da0      0x300 c:/nxp/mcuxpressoide_11.0.0_2516/ide/plugins/com.nxp.mcuxpresso.tools.win32_11.0.0.201905131304/tools/bin/../lib/gcc/arm-none-eabi/8.2.1/../../../../arm-none-eabi/lib/thumb/v7-m/nofp\libc.a(lib_a-fvwrite.o)
                0x00006da0                __sfvwrite_r
 .text._isatty_r
                0x000070a0       0x24 c:/nxp/mcuxpressoide_11.0.0_2516/ide/plugins/com.nxp.mcuxpresso.tools.win32_11.0.0.201905131304/tools/bin/../lib/gcc/arm-none-eabi/8.2.1/../../../../arm-none-eabi/lib/thumb/v7-m/nofp\libc.a(lib_a-isattyr.o)
                0x000070a0                _isatty_r
 .text.__locale_mb_cur_max
                0x000070c4        0xc c:/nxp/mcuxpressoide_11.0.0_2516/ide/plugins/com.nxp.mcuxpresso.tools.win32_11.0.0.201905131304/tools/bin/../lib/gcc/arm-none-eabi/8.2.1/../../../../arm-none-eabi/lib/thumb/v7-m/nofp\libc.a(lib_a-locale.o)
                0x000070c4                __locale_mb_cur_max
 .text._lseek_r
                0x000070d0       0x2c c:/nxp/mcuxpressoide_11.0.0_2516/ide/plugins/com.nxp.mcuxpresso.tools.win32_11.0.0.201905131304/tools/bin/../lib/gcc/arm-none-eabi/8.2.1/../../../../arm-none-eabi/lib/thumb/v7-m/nofp\libc.a(lib_a-lseekr.o)
                0x000070d0                _lseek_r
 .text.__ascii_mbtowc
                0x000070fc       0x2c c:/nxp/mcuxpressoide_11.0.0_2516/ide/plugins/com.nxp.mcuxpresso.tools.win32_11.0.0.201905131304/tools/bin/../lib/gcc/arm-none-eabi/8.2.1/../../../../arm-none-eabi/lib/thumb/v7-m/nofp\libc.a(lib_a-mbtowc_r.o)
                0x000070fc                __ascii_mbtowc
 .text.memmove  0x00007128       0xcc c:/nxp/mcuxpressoide_11.0.0_2516/ide/plugins/com.nxp.mcuxpresso.tools.win32_11.0.0.201905131304/tools/bin/../lib/gcc/arm-none-eabi/8.2.1/../../../../arm-none-eabi/lib/thumb/v7-m/nofp\libc.a(lib_a-memmove.o)
                0x00007128                memmove
 .text._read_r  0x000071f4       0x2c c:/nxp/mcuxpressoide_11.0.0_2516/ide/plugins/com.nxp.mcuxpresso.tools.win32_11.0.0.201905131304/tools/bin/../lib/gcc/arm-none-eabi/8.2.1/../../../../arm-none-eabi/lib/thumb/v7-m/nofp\libc.a(lib_a-readr.o)
                0x000071f4                _read_r
 .text._realloc_r
                0x00007220      0x37c c:/nxp/mcuxpressoide_11.0.0_2516/ide/plugins/com.nxp.mcuxpresso.tools.win32_11.0.0.201905131304/tools/bin/../lib/gcc/arm-none-eabi/8.2.1/../../../../arm-none-eabi/lib/thumb/v7-m/nofp\libc.a(lib_a-reallocr.o)
                0x00007220                _realloc_r
 .text.__swbuf_r
                0x0000759c       0xb0 c:/nxp/mcuxpressoide_11.0.0_2516/ide/plugins/com.nxp.mcuxpresso.tools.win32_11.0.0.201905131304/tools/bin/../lib/gcc/arm-none-eabi/8.2.1/../../../../arm-none-eabi/lib/thumb/v7-m/nofp\libc.a(lib_a-wbuf.o)
                0x0000759c                __swbuf_r
 .text._wcrtomb_r
                0x0000764c       0x34 c:/nxp/mcuxpressoide_11.0.0_2516/ide/plugins/com.nxp.mcuxpresso.tools.win32_11.0.0.201905131304/tools/bin/../lib/gcc/arm-none-eabi/8.2.1/../../../../arm-none-eabi/lib/thumb/v7-m/nofp\libc.a(lib_a-wcrtomb.o)
                0x0000764c                _wcrtomb_r
 .text.__ascii_wctomb
                0x00007680       0x1c c:/nxp/mcuxpressoide_11.0.0_2516/ide/plugins/com.nxp.mcuxpresso.tools.win32_11.0.0.201905131304/tools/bin/../lib/gcc/arm-none-eabi/8.2.1/../../../../arm-none-eabi/lib/thumb/v7-m/nofp\libc.a(lib_a-wctomb_r.o)
                0x00007680                __ascii_wctomb
 .text._sbrk    0x0000769c       0x3c c:/nxp/mcuxpressoide_11.0.0_2516/ide/plugins/com.nxp.mcuxpresso.tools.win32_11.0.0.201905131304/tools/bin/../lib/gcc/arm-none-eabi/8.2.1/../../../../arm-none-eabi/lib/thumb/v7-m/nofp\libcr_newlib_nohost.a(_cr_sbrk.o)
                0x0000769c                _sbrk
 .text._close   0x000076d8       0x10 c:/nxp/mcuxpressoide_11.0.0_2516/ide/plugins/com.nxp.mcuxpresso.tools.win32_11.0.0.201905131304/tools/bin/../lib/gcc/arm-none-eabi/8.2.1/../../../../arm-none-eabi/lib/thumb/v7-m/nofp\libcr_newlib_nohost.a(close.o)
                0x000076d8                _close
 .text._fstat   0x000076e8       0x10 c:/nxp/mcuxpressoide_11.0.0_2516/ide/plugins/com.nxp.mcuxpresso.tools.win32_11.0.0.201905131304/tools/bin/../lib/gcc/arm-none-eabi/8.2.1/../../../../arm-none-eabi/lib/thumb/v7-m/nofp\libcr_newlib_nohost.a(fstat.o)
                0x000076e8                _fstat
 .text._isatty  0x000076f8       0x10 c:/nxp/mcuxpressoide_11.0.0_2516/ide/plugins/com.nxp.mcuxpresso.tools.win32_11.0.0.201905131304/tools/bin/../lib/gcc/arm-none-eabi/8.2.1/../../../../arm-none-eabi/lib/thumb/v7-m/nofp\libcr_newlib_nohost.a(isatty.o)
                0x000076f8                _isatty
 .text._lseek   0x00007708       0x10 c:/nxp/mcuxpressoide_11.0.0_2516/ide/plugins/com.nxp.mcuxpresso.tools.win32_11.0.0.201905131304/tools/bin/../lib/gcc/arm-none-eabi/8.2.1/../../../../arm-none-eabi/lib/thumb/v7-m/nofp\libcr_newlib_nohost.a(lseek.o)
                0x00007708                _lseek
 .text.__check_heap_overflow
                0x00007718       0x18 c:/nxp/mcuxpressoide_11.0.0_2516/ide/plugins/com.nxp.mcuxpresso.tools.win32_11.0.0.201905131304/tools/bin/../lib/gcc/arm-none-eabi/8.2.1/../../../../arm-none-eabi/lib/thumb/v7-m/nofp\libcr_newlib_nohost.a(_cr_check_heap.o)
                0x00007718                __check_heap_overflow
 .text          0x00007730       0x40 c:/nxp/mcuxpressoide_11.0.0_2516/ide/plugins/com.nxp.mcuxpresso.tools.win32_11.0.0.201905131304/tools/bin/../lib/gcc/arm-none-eabi/8.2.1/thumb/v7-m/nofp\crtbegin.o
 .text          0x00007770      0x378 c:/nxp/mcuxpressoide_11.0.0_2516/ide/plugins/com.nxp.mcuxpresso.tools.win32_11.0.0.201905131304/tools/bin/../lib/gcc/arm-none-eabi/8.2.1/thumb/v7-m/nofp\libgcc.a(_arm_addsubdf3.o)
                0x00007770                __aeabi_drsub
                0x00007778                __aeabi_dsub
                0x00007778                __subdf3
                0x0000777c                __aeabi_dadd
                0x0000777c                __adddf3
                0x000079f4                __floatunsidf
                0x000079f4                __aeabi_ui2d
                0x00007a14                __floatsidf
                0x00007a14                __aeabi_i2d
                0x00007a38                __aeabi_f2d
                0x00007a38                __extendsfdf2
                0x00007a7c                __floatundidf
                0x00007a7c                __aeabi_ul2d
                0x00007a8c                __floatdidf
                0x00007a8c                __aeabi_l2d
 .text          0x00007ae8      0x424 c:/nxp/mcuxpressoide_11.0.0_2516/ide/plugins/com.nxp.mcuxpresso.tools.win32_11.0.0.201905131304/tools/bin/../lib/gcc/arm-none-eabi/8.2.1/thumb/v7-m/nofp\libgcc.a(_arm_muldivdf3.o)
                0x00007ae8                __aeabi_dmul
                0x00007ae8                __muldf3
                0x00007d3c                __divdf3
                0x00007d3c                __aeabi_ddiv
 .text          0x00007f0c      0x110 c:/nxp/mcuxpressoide_11.0.0_2516/ide/plugins/com.nxp.mcuxpresso.tools.win32_11.0.0.201905131304/tools/bin/../lib/gcc/arm-none-eabi/8.2.1/thumb/v7-m/nofp\libgcc.a(_arm_cmpdf2.o)
                0x00007f0c                __gtdf2
                0x00007f0c                __gedf2
                0x00007f14                __ltdf2
                0x00007f14                __ledf2
                0x00007f1c                __nedf2
                0x00007f1c                __eqdf2
                0x00007f1c                __cmpdf2
                0x00007f98                __aeabi_cdrcmple
                0x00007fa8                __aeabi_cdcmpeq
                0x00007fa8                __aeabi_cdcmple
                0x00007fb8                __aeabi_dcmpeq
                0x00007fcc                __aeabi_dcmplt
                0x00007fe0                __aeabi_dcmple
                0x00007ff4                __aeabi_dcmpge
                0x00008008                __aeabi_dcmpgt
 .text          0x0000801c       0x2c c:/nxp/mcuxpressoide_11.0.0_2516/ide/plugins/com.nxp.mcuxpresso.tools.win32_11.0.0.201905131304/tools/bin/../lib/gcc/arm-none-eabi/8.2.1/thumb/v7-m/nofp\libgcc.a(_arm_unorddf2.o)
                0x0000801c                __unorddf2
                0x0000801c                __aeabi_dcmpun
 .text          0x00008048       0x50 c:/nxp/mcuxpressoide_11.0.0_2516/ide/plugins/com.nxp.mcuxpresso.tools.win32_11.0.0.201905131304/tools/bin/../lib/gcc/arm-none-eabi/8.2.1/thumb/v7-m/nofp\libgcc.a(_arm_fixdfsi.o)
                0x00008048                __aeabi_d2iz
                0x00008048                __fixdfsi
 .text.__errno  0x00008098        0xc c:/nxp/mcuxpressoide_11.0.0_2516/ide/plugins/com.nxp.mcuxpresso.tools.win32_11.0.0.201905131304/tools/bin/../lib/gcc/arm-none-eabi/8.2.1/../../../../arm-none-eabi/lib/thumb/v7-m/nofp\libc.a(lib_a-errno.o)
                0x00008098                __errno
 *(.rodata .rodata.* .constdata .constdata.*)
 .rodata._ZTV12DigitalIoPin
                0x000080a4       0x10 ./src/DigitalIoPin.o
                0x000080a4                vtable for DigitalIoPin
 .rodata        0x000080b4       0x32 ./src/EkaTesti.o
 *fill*         0x000080e6        0x2 ff
 .rodata.OscRateIn
                0x000080e8        0x4 D:\Akseli\Documents\LPC3\lpc_board_nxp_lpcxpresso_1549\Debug\liblpc_board_nxp_lpcxpresso_1549.a(board.o)
                0x000080e8                OscRateIn
 .rodata.RTCOscRateIn
                0x000080ec        0x4 D:\Akseli\Documents\LPC3\lpc_board_nxp_lpcxpresso_1549\Debug\liblpc_board_nxp_lpcxpresso_1549.a(board.o)
                0x000080ec                RTCOscRateIn
 .rodata.ledpins
                0x000080f0        0x3 D:\Akseli\Documents\LPC3\lpc_board_nxp_lpcxpresso_1549\Debug\liblpc_board_nxp_lpcxpresso_1549.a(board.o)
 *fill*         0x000080f3        0x1 ff
 .rodata.ledports
                0x000080f4        0x3 D:\Akseli\Documents\LPC3\lpc_board_nxp_lpcxpresso_1549\Debug\liblpc_board_nxp_lpcxpresso_1549.a(board.o)
 *fill*         0x000080f7        0x1 ff
 .rodata.ioconSetup
                0x000080f8       0x74 D:\Akseli\Documents\LPC3\lpc_board_nxp_lpcxpresso_1549\Debug\liblpc_board_nxp_lpcxpresso_1549.a(board_sysinit.o)
 .rodata.swmSetup
                0x0000816c        0x6 D:\Akseli\Documents\LPC3\lpc_board_nxp_lpcxpresso_1549\Debug\liblpc_board_nxp_lpcxpresso_1549.a(board_sysinit.o)
 *fill*         0x00008172        0x2 ff
 .rodata        0x00008174       0x28 D:\Akseli\Documents\LPC3\FreeRTOS\Debug\libFreeRTOS.a(tasks.o)
                0x0000818c                FreeRTOSDebugConfig
 .rodata._vfprintf_r.str1.4
                0x0000819c       0x42 c:/nxp/mcuxpressoide_11.0.0_2516/ide/plugins/com.nxp.mcuxpresso.tools.win32_11.0.0.201905131304/tools/bin/../lib/gcc/arm-none-eabi/8.2.1/../../../../arm-none-eabi/lib/thumb/v7-m/nofp\libc.a(lib_a-vfprintf.o)
 *fill*         0x000081de        0x2 ff
 .rodata.blanks.7380
                0x000081e0       0x10 c:/nxp/mcuxpressoide_11.0.0_2516/ide/plugins/com.nxp.mcuxpresso.tools.win32_11.0.0.201905131304/tools/bin/../lib/gcc/arm-none-eabi/8.2.1/../../../../arm-none-eabi/lib/thumb/v7-m/nofp\libc.a(lib_a-vfprintf.o)
 .rodata.zeroes.7381
                0x000081f0       0x10 c:/nxp/mcuxpressoide_11.0.0_2516/ide/plugins/com.nxp.mcuxpresso.tools.win32_11.0.0.201905131304/tools/bin/../lib/gcc/arm-none-eabi/8.2.1/../../../../arm-none-eabi/lib/thumb/v7-m/nofp\libc.a(lib_a-vfprintf.o)
 .rodata._dtoa_r.str1.4
                0x00008200        0xd c:/nxp/mcuxpressoide_11.0.0_2516/ide/plugins/com.nxp.mcuxpresso.tools.win32_11.0.0.201905131304/tools/bin/../lib/gcc/arm-none-eabi/8.2.1/../../../../arm-none-eabi/lib/thumb/v7-m/nofp\libc.a(lib_a-dtoa.o)
                                 0x12 (size before relaxing)
 *fill*         0x0000820d        0x3 ff
 .rodata.__mprec_bigtens
                0x00008210       0x28 c:/nxp/mcuxpressoide_11.0.0_2516/ide/plugins/com.nxp.mcuxpresso.tools.win32_11.0.0.201905131304/tools/bin/../lib/gcc/arm-none-eabi/8.2.1/../../../../arm-none-eabi/lib/thumb/v7-m/nofp\libc.a(lib_a-mprec.o)
                0x00008210                __mprec_bigtens
 .rodata.__mprec_tens
                0x00008238       0xc8 c:/nxp/mcuxpressoide_11.0.0_2516/ide/plugins/com.nxp.mcuxpresso.tools.win32_11.0.0.201905131304/tools/bin/../lib/gcc/arm-none-eabi/8.2.1/../../../../arm-none-eabi/lib/thumb/v7-m/nofp\libc.a(lib_a-mprec.o)
                0x00008238                __mprec_tens
 .rodata.p05.6135
                0x00008300        0xc c:/nxp/mcuxpressoide_11.0.0_2516/ide/plugins/com.nxp.mcuxpresso.tools.win32_11.0.0.201905131304/tools/bin/../lib/gcc/arm-none-eabi/8.2.1/../../../../arm-none-eabi/lib/thumb/v7-m/nofp\libc.a(lib_a-mprec.o)
 .rodata._setlocale_r.str1.4
                0x0000830c        0xa c:/nxp/mcuxpressoide_11.0.0_2516/ide/plugins/com.nxp.mcuxpresso.tools.win32_11.0.0.201905131304/tools/bin/../lib/gcc/arm-none-eabi/8.2.1/../../../../arm-none-eabi/lib/thumb/v7-m/nofp\libc.a(lib_a-locale.o)
                                  0xd (size before relaxing)
 *fill*         0x00008316        0x2 ff
 .rodata.str1.4
                0x00008318        0x4 c:/nxp/mcuxpressoide_11.0.0_2516/ide/plugins/com.nxp.mcuxpresso.tools.win32_11.0.0.201905131304/tools/bin/../lib/gcc/arm-none-eabi/8.2.1/../../../../arm-none-eabi/lib/thumb/v7-m/nofp\libc.a(lib_a-locale.o)
                                  0x2 (size before relaxing)
 .rodata._ctype_
                0x0000831c      0x101 c:/nxp/mcuxpressoide_11.0.0_2516/ide/plugins/com.nxp.mcuxpresso.tools.win32_11.0.0.201905131304/tools/bin/../lib/gcc/arm-none-eabi/8.2.1/../../../../arm-none-eabi/lib/thumb/v7-m/nofp\libc.a(lib_a-ctype_.o)
                0x0000831c                _ctype_
                0x00008420                . = ALIGN (0x4)
 *fill*         0x0000841d        0x3 ff
                0x00008420                . = ALIGN (0x4)
 *(.init)
 .init          0x00008420        0x4 c:/nxp/mcuxpressoide_11.0.0_2516/ide/plugins/com.nxp.mcuxpresso.tools.win32_11.0.0.201905131304/tools/bin/../lib/gcc/arm-none-eabi/8.2.1/thumb/v7-m/nofp\crti.o
                0x00008420                _init
 .init          0x00008424        0x8 c:/nxp/mcuxpressoide_11.0.0_2516/ide/plugins/com.nxp.mcuxpresso.tools.win32_11.0.0.201905131304/tools/bin/../lib/gcc/arm-none-eabi/8.2.1/thumb/v7-m/nofp\crtn.o
                0x0000842c                . = ALIGN (0x4)
                0x0000842c                __preinit_array_start = .
 *(.preinit_array)
                0x0000842c                __preinit_array_end = .
                0x0000842c                . = ALIGN (0x4)
                0x0000842c                __init_array_start = .
 *(SORT_BY_NAME(.init_array.*))
 *(.init_array)
 .init_array    0x0000842c        0x4 ./src/EkaTesti.o
 .init_array    0x00008430        0x4 c:/nxp/mcuxpressoide_11.0.0_2516/ide/plugins/com.nxp.mcuxpresso.tools.win32_11.0.0.201905131304/tools/bin/../lib/gcc/arm-none-eabi/8.2.1/thumb/v7-m/nofp\crtbegin.o
                0x00008434                __init_array_end = .
 *(.fini)
 .fini          0x00008434        0x4 c:/nxp/mcuxpressoide_11.0.0_2516/ide/plugins/com.nxp.mcuxpresso.tools.win32_11.0.0.201905131304/tools/bin/../lib/gcc/arm-none-eabi/8.2.1/thumb/v7-m/nofp\crti.o
                0x00008434                _fini
 .fini          0x00008438        0x8 c:/nxp/mcuxpressoide_11.0.0_2516/ide/plugins/com.nxp.mcuxpresso.tools.win32_11.0.0.201905131304/tools/bin/../lib/gcc/arm-none-eabi/8.2.1/thumb/v7-m/nofp\crtn.o
                0x00008440                . = ALIGN (0x4)
 *crtbegin.o(.ctors)
 *(EXCLUDE_FILE(*crtend.o) .ctors)
 *(SORT_BY_NAME(.ctors.*))
 *crtend.o(.ctors)
                0x00008440                . = ALIGN (0x4)
 *crtbegin.o(.dtors)
 *(EXCLUDE_FILE(*crtend.o) .dtors)
 *(SORT_BY_NAME(.dtors.*))
 *crtend.o(.dtors)
                0x00008440                . = ALIGN (0x4)

.glue_7         0x00008440        0x0
 .glue_7        0x00008440        0x0 linker stubs

.glue_7t        0x00008440        0x0
 .glue_7t       0x00008440        0x0 linker stubs

.vfp11_veneer   0x00008440        0x0
 .vfp11_veneer  0x00008440        0x0 linker stubs

.v4_bx          0x00008440        0x0
 .v4_bx         0x00008440        0x0 linker stubs

.iplt           0x00008440        0x0
 .iplt          0x00008440        0x0 ./src/DigitalIoPin.o

.ARM.extab
 *(.ARM.extab* .gnu.linkonce.armextab.*)
                0x00008440                __exidx_start = .

.ARM.exidx      0x00008440        0x8
 *(.ARM.exidx* .gnu.linkonce.armexidx.*)
 .ARM.exidx     0x00008440        0x8 c:/nxp/mcuxpressoide_11.0.0_2516/ide/plugins/com.nxp.mcuxpresso.tools.win32_11.0.0.201905131304/tools/bin/../lib/gcc/arm-none-eabi/8.2.1/thumb/v7-m/nofp\libgcc.a(_udivmoddi4.o)
                0x00008448                __exidx_end = .
                0x00008448                _etext = .

.rel.dyn        0x00008448        0x0
 .rel.iplt      0x00008448        0x0 ./src/DigitalIoPin.o

.eh_frame       0x00008448        0x0
 .eh_frame      0x00008448        0x0 c:/nxp/mcuxpressoide_11.0.0_2516/ide/plugins/com.nxp.mcuxpresso.tools.win32_11.0.0.201905131304/tools/bin/../lib/gcc/arm-none-eabi/8.2.1/thumb/v7-m/nofp\crtbegin.o

.data_RAM2      0x02008000        0x0 load address 0x00008448
 FILL mask 0xff
                [!provide]                PROVIDE (__start_data_RAM2 = .)
 *(.ramfunc.$RAM2)
 *(.ramfunc.$Ram2_4)
 *(.data.$RAM2)
 *(.data.$Ram2_4)
 *(.data.$RAM2.*)
 *(.data.$Ram2_4.*)
                0x02008000                . = ALIGN (0x4)
                [!provide]                PROVIDE (__end_data_RAM2 = .)

.uninit_RESERVED
                0x02000000        0x0
                0x02000000                . = ALIGN (0x4)
 *(.bss.$RESERVED*)
                0x02000000                . = ALIGN (0x4)
                0x02000000                _end_uninit_RESERVED = .

.data           0x02000000      0x9ac load address 0x00008448
 FILL mask 0xff
                0x02000000                _data = .
 *(vtable)
 *(.ramfunc*)
 *(.data*)
 .data.uxCriticalNesting
                0x02000000        0x4 D:\Akseli\Documents\LPC3\FreeRTOS\Debug\libFreeRTOS.a(port.o)
 .data._impure_ptr
                0x02000004        0x4 c:/nxp/mcuxpressoide_11.0.0_2516/ide/plugins/com.nxp.mcuxpresso.tools.win32_11.0.0.201905131304/tools/bin/../lib/gcc/arm-none-eabi/8.2.1/../../../../arm-none-eabi/lib/thumb/v7-m/nofp\libc.a(lib_a-impure.o)
                0x02000004                _impure_ptr
 .data.impure_data
                0x02000008      0x428 c:/nxp/mcuxpressoide_11.0.0_2516/ide/plugins/com.nxp.mcuxpresso.tools.win32_11.0.0.201905131304/tools/bin/../lib/gcc/arm-none-eabi/8.2.1/../../../../arm-none-eabi/lib/thumb/v7-m/nofp\libc.a(lib_a-impure.o)
 .data.__malloc_av_
                0x02000430      0x408 c:/nxp/mcuxpressoide_11.0.0_2516/ide/plugins/com.nxp.mcuxpresso.tools.win32_11.0.0.201905131304/tools/bin/../lib/gcc/arm-none-eabi/8.2.1/../../../../arm-none-eabi/lib/thumb/v7-m/nofp\libc.a(lib_a-mallocr.o)
                0x02000430                __malloc_av_
 .data.__malloc_sbrk_base
                0x02000838        0x4 c:/nxp/mcuxpressoide_11.0.0_2516/ide/plugins/com.nxp.mcuxpresso.tools.win32_11.0.0.201905131304/tools/bin/../lib/gcc/arm-none-eabi/8.2.1/../../../../arm-none-eabi/lib/thumb/v7-m/nofp\libc.a(lib_a-mallocr.o)
                0x02000838                __malloc_sbrk_base
 .data.__malloc_trim_threshold
                0x0200083c        0x4 c:/nxp/mcuxpressoide_11.0.0_2516/ide/plugins/com.nxp.mcuxpresso.tools.win32_11.0.0.201905131304/tools/bin/../lib/gcc/arm-none-eabi/8.2.1/../../../../arm-none-eabi/lib/thumb/v7-m/nofp\libc.a(lib_a-mallocr.o)
                0x0200083c                __malloc_trim_threshold
 .data.__global_locale
                0x02000840      0x16c c:/nxp/mcuxpressoide_11.0.0_2516/ide/plugins/com.nxp.mcuxpresso.tools.win32_11.0.0.201905131304/tools/bin/../lib/gcc/arm-none-eabi/8.2.1/../../../../arm-none-eabi/lib/thumb/v7-m/nofp\libc.a(lib_a-locale.o)
                0x02000840                __global_locale
                0x020009ac                . = ALIGN (0x4)
                0x020009ac                _edata = .

.igot.plt       0x020009ac        0x0 load address 0x00008df4
 .igot.plt      0x020009ac        0x0 ./src/DigitalIoPin.o

.bss_RAM2       0x02008000        0x0
                0x02008000                . = ALIGN (0x4)
                [!provide]                PROVIDE (__start_bss_RAM2 = .)
 *(.bss.$RAM2)
 *(.bss.$Ram2_4)
 *(.bss.$RAM2.*)
 *(.bss.$Ram2_4.*)
                0x02008000                . = ALIGN ((. != 0x0)?0x4:0x1)
                [!provide]                PROVIDE (__end_bss_RAM2 = .)

.bss            0x020009ac      0x1c4
                0x020009ac                . = ALIGN (0x4)
                0x020009ac                _bss = .
 *(.bss*)
 .bss._ZL5kello
                0x020009ac        0x4 ./src/EkaTesti.o
 .bss.pxCurrentTCB
                0x020009b0        0x4 D:\Akseli\Documents\LPC3\FreeRTOS\Debug\libFreeRTOS.a(tasks.o)
                0x020009b0                pxCurrentTCB
 .bss.pxReadyTasksLists
                0x020009b4       0xa0 D:\Akseli\Documents\LPC3\FreeRTOS\Debug\libFreeRTOS.a(tasks.o)
 .bss.xDelayedTaskList1
                0x02000a54       0x14 D:\Akseli\Documents\LPC3\FreeRTOS\Debug\libFreeRTOS.a(tasks.o)
 .bss.xDelayedTaskList2
                0x02000a68       0x14 D:\Akseli\Documents\LPC3\FreeRTOS\Debug\libFreeRTOS.a(tasks.o)
 .bss.pxDelayedTaskList
                0x02000a7c        0x4 D:\Akseli\Documents\LPC3\FreeRTOS\Debug\libFreeRTOS.a(tasks.o)
 .bss.pxOverflowDelayedTaskList
                0x02000a80        0x4 D:\Akseli\Documents\LPC3\FreeRTOS\Debug\libFreeRTOS.a(tasks.o)
 .bss.xPendingReadyList
                0x02000a84       0x14 D:\Akseli\Documents\LPC3\FreeRTOS\Debug\libFreeRTOS.a(tasks.o)
 .bss.xTasksWaitingTermination
                0x02000a98       0x14 D:\Akseli\Documents\LPC3\FreeRTOS\Debug\libFreeRTOS.a(tasks.o)
 .bss.uxDeletedTasksWaitingCleanUp
                0x02000aac        0x4 D:\Akseli\Documents\LPC3\FreeRTOS\Debug\libFreeRTOS.a(tasks.o)
 .bss.xSuspendedTaskList
                0x02000ab0       0x14 D:\Akseli\Documents\LPC3\FreeRTOS\Debug\libFreeRTOS.a(tasks.o)
 .bss.uxCurrentNumberOfTasks
                0x02000ac4        0x4 D:\Akseli\Documents\LPC3\FreeRTOS\Debug\libFreeRTOS.a(tasks.o)
 .bss.xTickCount
                0x02000ac8        0x4 D:\Akseli\Documents\LPC3\FreeRTOS\Debug\libFreeRTOS.a(tasks.o)
 .bss.uxTopReadyPriority
                0x02000acc        0x4 D:\Akseli\Documents\LPC3\FreeRTOS\Debug\libFreeRTOS.a(tasks.o)
 .bss.xSchedulerRunning
                0x02000ad0        0x4 D:\Akseli\Documents\LPC3\FreeRTOS\Debug\libFreeRTOS.a(tasks.o)
 .bss.uxPendedTicks
                0x02000ad4        0x4 D:\Akseli\Documents\LPC3\FreeRTOS\Debug\libFreeRTOS.a(tasks.o)
 .bss.xYieldPending
                0x02000ad8        0x4 D:\Akseli\Documents\LPC3\FreeRTOS\Debug\libFreeRTOS.a(tasks.o)
 .bss.xNumOfOverflows
                0x02000adc        0x4 D:\Akseli\Documents\LPC3\FreeRTOS\Debug\libFreeRTOS.a(tasks.o)
 .bss.uxTaskNumber
                0x02000ae0        0x4 D:\Akseli\Documents\LPC3\FreeRTOS\Debug\libFreeRTOS.a(tasks.o)
 .bss.xNextTaskUnblockTime
                0x02000ae4        0x4 D:\Akseli\Documents\LPC3\FreeRTOS\Debug\libFreeRTOS.a(tasks.o)
 .bss.xIdleTaskHandle
                0x02000ae8        0x4 D:\Akseli\Documents\LPC3\FreeRTOS\Debug\libFreeRTOS.a(tasks.o)
 .bss.uxSchedulerSuspended
                0x02000aec        0x4 D:\Akseli\Documents\LPC3\FreeRTOS\Debug\libFreeRTOS.a(tasks.o)
 .bss.__malloc_current_mallinfo
                0x02000af0       0x28 c:/nxp/mcuxpressoide_11.0.0_2516/ide/plugins/com.nxp.mcuxpresso.tools.win32_11.0.0.201905131304/tools/bin/../lib/gcc/arm-none-eabi/8.2.1/../../../../arm-none-eabi/lib/thumb/v7-m/nofp\libc.a(lib_a-mallocr.o)
                0x02000af0                __malloc_current_mallinfo
 .bss.__malloc_max_sbrked_mem
                0x02000b18        0x4 c:/nxp/mcuxpressoide_11.0.0_2516/ide/plugins/com.nxp.mcuxpresso.tools.win32_11.0.0.201905131304/tools/bin/../lib/gcc/arm-none-eabi/8.2.1/../../../../arm-none-eabi/lib/thumb/v7-m/nofp\libc.a(lib_a-mallocr.o)
                0x02000b18                __malloc_max_sbrked_mem
 .bss.__malloc_max_total_mem
                0x02000b1c        0x4 c:/nxp/mcuxpressoide_11.0.0_2516/ide/plugins/com.nxp.mcuxpresso.tools.win32_11.0.0.201905131304/tools/bin/../lib/gcc/arm-none-eabi/8.2.1/../../../../arm-none-eabi/lib/thumb/v7-m/nofp\libc.a(lib_a-mallocr.o)
                0x02000b1c                __malloc_max_total_mem
 .bss.__malloc_top_pad
                0x02000b20        0x4 c:/nxp/mcuxpressoide_11.0.0_2516/ide/plugins/com.nxp.mcuxpresso.tools.win32_11.0.0.201905131304/tools/bin/../lib/gcc/arm-none-eabi/8.2.1/../../../../arm-none-eabi/lib/thumb/v7-m/nofp\libc.a(lib_a-mallocr.o)
                0x02000b20                __malloc_top_pad
 .bss.__end_of_heap
                0x02000b24        0x4 c:/nxp/mcuxpressoide_11.0.0_2516/ide/plugins/com.nxp.mcuxpresso.tools.win32_11.0.0.201905131304/tools/bin/../lib/gcc/arm-none-eabi/8.2.1/../../../../arm-none-eabi/lib/thumb/v7-m/nofp\libcr_newlib_nohost.a(_cr_sbrk.o)
                0x02000b24                __end_of_heap
 .bss           0x02000b28       0x1c c:/nxp/mcuxpressoide_11.0.0_2516/ide/plugins/com.nxp.mcuxpresso.tools.win32_11.0.0.201905131304/tools/bin/../lib/gcc/arm-none-eabi/8.2.1/thumb/v7-m/nofp\crtbegin.o
 *(COMMON)
 COMMON         0x02000b44        0x4 D:\Akseli\Documents\LPC3\lpc_chip_15xx\Debug\liblpc_chip_15xx.a(chip_15xx.o)
                0x02000b44                SystemCoreClock
 COMMON         0x02000b48        0x4 c:/nxp/mcuxpressoide_11.0.0_2516/ide/plugins/com.nxp.mcuxpresso.tools.win32_11.0.0.201905131304/tools/bin/../lib/gcc/arm-none-eabi/8.2.1/../../../../arm-none-eabi/lib/thumb/v7-m/nofp\libc.a(lib_a-reent.o)
                0x02000b48                errno
 COMMON         0x02000b4c       0x21 c:/nxp/mcuxpressoide_11.0.0_2516/ide/plugins/com.nxp.mcuxpresso.tools.win32_11.0.0.201905131304/tools/bin/../lib/gcc/arm-none-eabi/8.2.1/../../../../arm-none-eabi/lib/thumb/v7-m/nofp\libc.a(lib_a-lock.o)
                0x02000b4c                __lock___atexit_recursive_mutex
                0x02000b50                __lock___arc4random_mutex
                0x02000b54                __lock___env_recursive_mutex
                0x02000b58                __lock___sinit_recursive_mutex
                0x02000b5c                __lock___malloc_recursive_mutex
                0x02000b60                __lock___at_quick_exit_mutex
                0x02000b64                __lock___dd_hash_mutex
                0x02000b68                __lock___tz_mutex
                0x02000b6c                __lock___sfp_recursive_mutex
                0x02000b70                . = ALIGN (0x4)
 *fill*         0x02000b6d        0x3 
                0x02000b70                _ebss = .
                [!provide]                PROVIDE (end = .)

.noinit_RAM2    0x02008000        0x0
                0x02008000                . = ALIGN (0x4)
 *(.noinit.$RAM2)
 *(.noinit.$Ram2_4)
 *(.noinit.$RAM2.*)
 *(.noinit.$Ram2_4.*)
                0x02008000                . = ALIGN (0x4)

.noinit         0x02000b70        0x0
                0x02000b70                . = ALIGN (0x4)
                0x02000b70                _noinit = .
 *(.noinit*)
                0x02000b70                . = ALIGN (0x4)
                0x02000b70                _end_noinit = .
                0x02000b70                PROVIDE (_pvHeapStart = DEFINED (__user_heap_base)?__user_heap_base:.)
                0x02008000                PROVIDE (_vStackTop = DEFINED (__user_stack_top)?__user_stack_top:(__top_Ram0_16_32 - 0x0))
                0xfdff735a                PROVIDE (__valid_user_code_checksum = (0x0 - ((((((_vStackTop + (ResetISR + 0x1)) + (NMI_Handler + 0x1)) + (HardFault_Handler + 0x1)) + (DEFINED (MemManage_Handler)?MemManage_Handler:0x0 + 0x1)) + (DEFINED (BusFault_Handler)?BusFault_Handler:0x0 + 0x1)) + (DEFINED (UsageFault_Handler)?UsageFault_Handler:0x0 + 0x1))))
                0x00000000                _image_start = LOADADDR (.text)
                0x00008df4                _image_end = (LOADADDR (.data) + SIZEOF (.data))
                0x00008df4                _image_size = (_image_end - _image_start)
OUTPUT(EkaTesti.axf elf32-littlearm)

.debug_info     0x00000000    0x14562
 .debug_info    0x00000000     0x100e ./src/DigitalIoPin.o
 .debug_info    0x0000100e     0x1ffe ./src/EkaTesti.o
 .debug_info    0x0000300c     0x1276 ./src/cr_cpp_config.o
 .debug_info    0x00004282      0x2a0 ./src/cr_startup_lpc15xx.o
 .debug_info    0x00004522      0x9fc ./src/sysinit.o
 .debug_info    0x00004f1e     0x145c D:\Akseli\Documents\LPC3\lpc_board_nxp_lpcxpresso_1549\Debug\liblpc_board_nxp_lpcxpresso_1549.a(board.o)
 .debug_info    0x0000637a     0x1606 D:\Akseli\Documents\LPC3\lpc_board_nxp_lpcxpresso_1549\Debug\liblpc_board_nxp_lpcxpresso_1549.a(board_sysinit.o)
 .debug_info    0x00007980      0xa44 D:\Akseli\Documents\LPC3\lpc_chip_15xx\Debug\liblpc_chip_15xx.a(chip_15xx.o)
 .debug_info    0x000083c4      0xe46 D:\Akseli\Documents\LPC3\lpc_chip_15xx\Debug\liblpc_chip_15xx.a(clock_15xx.o)
 .debug_info    0x0000920a      0x6d1 D:\Akseli\Documents\LPC3\lpc_chip_15xx\Debug\liblpc_chip_15xx.a(gpio_15xx.o)
 .debug_info    0x000098db      0x29c D:\Akseli\Documents\LPC3\lpc_chip_15xx\Debug\liblpc_chip_15xx.a(iocon_15xx.o)
 .debug_info    0x00009b77      0x69b D:\Akseli\Documents\LPC3\lpc_chip_15xx\Debug\liblpc_chip_15xx.a(swm_15xx.o)
 .debug_info    0x0000a212      0x802 D:\Akseli\Documents\LPC3\lpc_chip_15xx\Debug\liblpc_chip_15xx.a(sysctl_15xx.o)
 .debug_info    0x0000aa14      0x7dc D:\Akseli\Documents\LPC3\lpc_chip_15xx\Debug\liblpc_chip_15xx.a(sysinit_15xx.o)
 .debug_info    0x0000b1f0      0x9ce D:\Akseli\Documents\LPC3\lpc_chip_15xx\Debug\liblpc_chip_15xx.a(uart_15xx.o)
 .debug_info    0x0000bbbe     0x27d3 D:\Akseli\Documents\LPC3\FreeRTOS\Debug\libFreeRTOS.a(tasks.o)
 .debug_info    0x0000e391      0xa6e D:\Akseli\Documents\LPC3\FreeRTOS\Debug\libFreeRTOS.a(heap_3.o)
 .debug_info    0x0000edff      0xd53 D:\Akseli\Documents\LPC3\FreeRTOS\Debug\libFreeRTOS.a(port.o)
 .debug_info    0x0000fb52      0xb30 D:\Akseli\Documents\LPC3\FreeRTOS\Debug\libFreeRTOS.a(FreeRTOSCommonHooks.o)
 .debug_info    0x00010682      0xc2f D:\Akseli\Documents\LPC3\FreeRTOS\Debug\libFreeRTOS.a(list.o)
 .debug_info    0x000112b1      0x9f8 c:/nxp/mcuxpressoide_11.0.0_2516/ide/plugins/com.nxp.mcuxpresso.tools.win32_11.0.0.201905131304/tools/bin/../lib/gcc/arm-none-eabi/8.2.1/../../../../arm-none-eabi/lib/thumb/v7-m/nofp\libcr_newlib_nohost.a(_cr_sbrk.o)
 .debug_info    0x00011ca9      0x979 c:/nxp/mcuxpressoide_11.0.0_2516/ide/plugins/com.nxp.mcuxpresso.tools.win32_11.0.0.201905131304/tools/bin/../lib/gcc/arm-none-eabi/8.2.1/../../../../arm-none-eabi/lib/thumb/v7-m/nofp\libcr_newlib_nohost.a(close.o)
 .debug_info    0x00012622      0xbbb c:/nxp/mcuxpressoide_11.0.0_2516/ide/plugins/com.nxp.mcuxpresso.tools.win32_11.0.0.201905131304/tools/bin/../lib/gcc/arm-none-eabi/8.2.1/../../../../arm-none-eabi/lib/thumb/v7-m/nofp\libcr_newlib_nohost.a(fstat.o)
 .debug_info    0x000131dd      0x979 c:/nxp/mcuxpressoide_11.0.0_2516/ide/plugins/com.nxp.mcuxpresso.tools.win32_11.0.0.201905131304/tools/bin/../lib/gcc/arm-none-eabi/8.2.1/../../../../arm-none-eabi/lib/thumb/v7-m/nofp\libcr_newlib_nohost.a(isatty.o)
 .debug_info    0x00013b56      0x99b c:/nxp/mcuxpressoide_11.0.0_2516/ide/plugins/com.nxp.mcuxpresso.tools.win32_11.0.0.201905131304/tools/bin/../lib/gcc/arm-none-eabi/8.2.1/../../../../arm-none-eabi/lib/thumb/v7-m/nofp\libcr_newlib_nohost.a(lseek.o)
 .debug_info    0x000144f1       0x71 c:/nxp/mcuxpressoide_11.0.0_2516/ide/plugins/com.nxp.mcuxpresso.tools.win32_11.0.0.201905131304/tools/bin/../lib/gcc/arm-none-eabi/8.2.1/../../../../arm-none-eabi/lib/thumb/v7-m/nofp\libcr_newlib_nohost.a(_cr_check_heap.o)

.debug_abbrev   0x00000000     0x3de6
 .debug_abbrev  0x00000000      0x378 ./src/DigitalIoPin.o
 .debug_abbrev  0x00000378      0x597 ./src/EkaTesti.o
 .debug_abbrev  0x0000090f      0x365 ./src/cr_cpp_config.o
 .debug_abbrev  0x00000c74      0x11a ./src/cr_startup_lpc15xx.o
 .debug_abbrev  0x00000d8e      0x1d9 ./src/sysinit.o
 .debug_abbrev  0x00000f67      0x379 D:\Akseli\Documents\LPC3\lpc_board_nxp_lpcxpresso_1549\Debug\liblpc_board_nxp_lpcxpresso_1549.a(board.o)
 .debug_abbrev  0x000012e0      0x344 D:\Akseli\Documents\LPC3\lpc_board_nxp_lpcxpresso_1549\Debug\liblpc_board_nxp_lpcxpresso_1549.a(board_sysinit.o)
 .debug_abbrev  0x00001624      0x1ea D:\Akseli\Documents\LPC3\lpc_chip_15xx\Debug\liblpc_chip_15xx.a(chip_15xx.o)
 .debug_abbrev  0x0000180e      0x2e8 D:\Akseli\Documents\LPC3\lpc_chip_15xx\Debug\liblpc_chip_15xx.a(clock_15xx.o)
 .debug_abbrev  0x00001af6      0x1aa D:\Akseli\Documents\LPC3\lpc_chip_15xx\Debug\liblpc_chip_15xx.a(gpio_15xx.o)
 .debug_abbrev  0x00001ca0      0x160 D:\Akseli\Documents\LPC3\lpc_chip_15xx\Debug\liblpc_chip_15xx.a(iocon_15xx.o)
 .debug_abbrev  0x00001e00      0x183 D:\Akseli\Documents\LPC3\lpc_chip_15xx\Debug\liblpc_chip_15xx.a(swm_15xx.o)
 .debug_abbrev  0x00001f83      0x154 D:\Akseli\Documents\LPC3\lpc_chip_15xx\Debug\liblpc_chip_15xx.a(sysctl_15xx.o)
 .debug_abbrev  0x000020d7      0x1dd D:\Akseli\Documents\LPC3\lpc_chip_15xx\Debug\liblpc_chip_15xx.a(sysinit_15xx.o)
 .debug_abbrev  0x000022b4      0x224 D:\Akseli\Documents\LPC3\lpc_chip_15xx\Debug\liblpc_chip_15xx.a(uart_15xx.o)
 .debug_abbrev  0x000024d8      0x3ec D:\Akseli\Documents\LPC3\FreeRTOS\Debug\libFreeRTOS.a(tasks.o)
 .debug_abbrev  0x000028c4      0x246 D:\Akseli\Documents\LPC3\FreeRTOS\Debug\libFreeRTOS.a(heap_3.o)
 .debug_abbrev  0x00002b0a      0x367 D:\Akseli\Documents\LPC3\FreeRTOS\Debug\libFreeRTOS.a(port.o)
 .debug_abbrev  0x00002e71      0x2ab D:\Akseli\Documents\LPC3\FreeRTOS\Debug\libFreeRTOS.a(FreeRTOSCommonHooks.o)
 .debug_abbrev  0x0000311c      0x235 D:\Akseli\Documents\LPC3\FreeRTOS\Debug\libFreeRTOS.a(list.o)
 .debug_abbrev  0x00003351      0x24a c:/nxp/mcuxpressoide_11.0.0_2516/ide/plugins/com.nxp.mcuxpresso.tools.win32_11.0.0.201905131304/tools/bin/../lib/gcc/arm-none-eabi/8.2.1/../../../../arm-none-eabi/lib/thumb/v7-m/nofp\libcr_newlib_nohost.a(_cr_sbrk.o)
 .debug_abbrev  0x0000359b      0x1ea c:/nxp/mcuxpressoide_11.0.0_2516/ide/plugins/com.nxp.mcuxpresso.tools.win32_11.0.0.201905131304/tools/bin/../lib/gcc/arm-none-eabi/8.2.1/../../../../arm-none-eabi/lib/thumb/v7-m/nofp\libcr_newlib_nohost.a(close.o)
 .debug_abbrev  0x00003785      0x1fd c:/nxp/mcuxpressoide_11.0.0_2516/ide/plugins/com.nxp.mcuxpresso.tools.win32_11.0.0.201905131304/tools/bin/../lib/gcc/arm-none-eabi/8.2.1/../../../../arm-none-eabi/lib/thumb/v7-m/nofp\libcr_newlib_nohost.a(fstat.o)
 .debug_abbrev  0x00003982      0x1ea c:/nxp/mcuxpressoide_11.0.0_2516/ide/plugins/com.nxp.mcuxpresso.tools.win32_11.0.0.201905131304/tools/bin/../lib/gcc/arm-none-eabi/8.2.1/../../../../arm-none-eabi/lib/thumb/v7-m/nofp\libcr_newlib_nohost.a(isatty.o)
 .debug_abbrev  0x00003b6c      0x20f c:/nxp/mcuxpressoide_11.0.0_2516/ide/plugins/com.nxp.mcuxpresso.tools.win32_11.0.0.201905131304/tools/bin/../lib/gcc/arm-none-eabi/8.2.1/../../../../arm-none-eabi/lib/thumb/v7-m/nofp\libcr_newlib_nohost.a(lseek.o)
 .debug_abbrev  0x00003d7b       0x6b c:/nxp/mcuxpressoide_11.0.0_2516/ide/plugins/com.nxp.mcuxpresso.tools.win32_11.0.0.201905131304/tools/bin/../lib/gcc/arm-none-eabi/8.2.1/../../../../arm-none-eabi/lib/thumb/v7-m/nofp\libcr_newlib_nohost.a(_cr_check_heap.o)

.debug_aranges  0x00000000      0xaa8
 .debug_aranges
                0x00000000       0x78 ./src/DigitalIoPin.o
 .debug_aranges
                0x00000078       0x90 ./src/EkaTesti.o
 .debug_aranges
                0x00000108       0x48 ./src/cr_cpp_config.o
 .debug_aranges
                0x00000150       0x80 ./src/cr_startup_lpc15xx.o
 .debug_aranges
                0x000001d0       0x20 ./src/sysinit.o
 .debug_aranges
                0x000001f0       0xd0 D:\Akseli\Documents\LPC3\lpc_board_nxp_lpcxpresso_1549\Debug\liblpc_board_nxp_lpcxpresso_1549.a(board.o)
 .debug_aranges
                0x000002c0       0x60 D:\Akseli\Documents\LPC3\lpc_board_nxp_lpcxpresso_1549\Debug\liblpc_board_nxp_lpcxpresso_1549.a(board_sysinit.o)
 .debug_aranges
                0x00000320       0x50 D:\Akseli\Documents\LPC3\lpc_chip_15xx\Debug\liblpc_chip_15xx.a(chip_15xx.o)
 .debug_aranges
                0x00000370      0x128 D:\Akseli\Documents\LPC3\lpc_chip_15xx\Debug\liblpc_chip_15xx.a(clock_15xx.o)
 .debug_aranges
                0x00000498       0x70 D:\Akseli\Documents\LPC3\lpc_chip_15xx\Debug\liblpc_chip_15xx.a(gpio_15xx.o)
 .debug_aranges
                0x00000508       0x28 D:\Akseli\Documents\LPC3\lpc_chip_15xx\Debug\liblpc_chip_15xx.a(iocon_15xx.o)
 .debug_aranges
                0x00000530       0x40 D:\Akseli\Documents\LPC3\lpc_chip_15xx\Debug\liblpc_chip_15xx.a(swm_15xx.o)
 .debug_aranges
                0x00000570       0x50 D:\Akseli\Documents\LPC3\lpc_chip_15xx\Debug\liblpc_chip_15xx.a(sysctl_15xx.o)
 .debug_aranges
                0x000005c0       0x58 D:\Akseli\Documents\LPC3\lpc_chip_15xx\Debug\liblpc_chip_15xx.a(sysinit_15xx.o)
 .debug_aranges
                0x00000618       0xc8 D:\Akseli\Documents\LPC3\lpc_chip_15xx\Debug\liblpc_chip_15xx.a(uart_15xx.o)
 .debug_aranges
                0x000006e0      0x1f0 D:\Akseli\Documents\LPC3\FreeRTOS\Debug\libFreeRTOS.a(tasks.o)
 .debug_aranges
                0x000008d0       0x28 D:\Akseli\Documents\LPC3\FreeRTOS\Debug\libFreeRTOS.a(heap_3.o)
 .debug_aranges
                0x000008f8       0x70 D:\Akseli\Documents\LPC3\FreeRTOS\Debug\libFreeRTOS.a(port.o)
 .debug_aranges
                0x00000968       0x40 D:\Akseli\Documents\LPC3\FreeRTOS\Debug\libFreeRTOS.a(FreeRTOSCommonHooks.o)
 .debug_aranges
                0x000009a8       0x40 D:\Akseli\Documents\LPC3\FreeRTOS\Debug\libFreeRTOS.a(list.o)
 .debug_aranges
                0x000009e8       0x20 c:/nxp/mcuxpressoide_11.0.0_2516/ide/plugins/com.nxp.mcuxpresso.tools.win32_11.0.0.201905131304/tools/bin/../lib/gcc/arm-none-eabi/8.2.1/../../../../arm-none-eabi/lib/thumb/v7-m/nofp\libcr_newlib_nohost.a(_cr_sbrk.o)
 .debug_aranges
                0x00000a08       0x20 c:/nxp/mcuxpressoide_11.0.0_2516/ide/plugins/com.nxp.mcuxpresso.tools.win32_11.0.0.201905131304/tools/bin/../lib/gcc/arm-none-eabi/8.2.1/../../../../arm-none-eabi/lib/thumb/v7-m/nofp\libcr_newlib_nohost.a(close.o)
 .debug_aranges
                0x00000a28       0x20 c:/nxp/mcuxpressoide_11.0.0_2516/ide/plugins/com.nxp.mcuxpresso.tools.win32_11.0.0.201905131304/tools/bin/../lib/gcc/arm-none-eabi/8.2.1/../../../../arm-none-eabi/lib/thumb/v7-m/nofp\libcr_newlib_nohost.a(fstat.o)
 .debug_aranges
                0x00000a48       0x20 c:/nxp/mcuxpressoide_11.0.0_2516/ide/plugins/com.nxp.mcuxpresso.tools.win32_11.0.0.201905131304/tools/bin/../lib/gcc/arm-none-eabi/8.2.1/../../../../arm-none-eabi/lib/thumb/v7-m/nofp\libcr_newlib_nohost.a(isatty.o)
 .debug_aranges
                0x00000a68       0x20 c:/nxp/mcuxpressoide_11.0.0_2516/ide/plugins/com.nxp.mcuxpresso.tools.win32_11.0.0.201905131304/tools/bin/../lib/gcc/arm-none-eabi/8.2.1/../../../../arm-none-eabi/lib/thumb/v7-m/nofp\libcr_newlib_nohost.a(lseek.o)
 .debug_aranges
                0x00000a88       0x20 c:/nxp/mcuxpressoide_11.0.0_2516/ide/plugins/com.nxp.mcuxpresso.tools.win32_11.0.0.201905131304/tools/bin/../lib/gcc/arm-none-eabi/8.2.1/../../../../arm-none-eabi/lib/thumb/v7-m/nofp\libcr_newlib_nohost.a(_cr_check_heap.o)

.debug_ranges   0x00000000      0x920
 .debug_ranges  0x00000000       0x68 ./src/DigitalIoPin.o
 .debug_ranges  0x00000068       0x80 ./src/EkaTesti.o
 .debug_ranges  0x000000e8       0x38 ./src/cr_cpp_config.o
 .debug_ranges  0x00000120       0x70 ./src/cr_startup_lpc15xx.o
 .debug_ranges  0x00000190       0x10 ./src/sysinit.o
 .debug_ranges  0x000001a0       0xd8 D:\Akseli\Documents\LPC3\lpc_board_nxp_lpcxpresso_1549\Debug\liblpc_board_nxp_lpcxpresso_1549.a(board.o)
 .debug_ranges  0x00000278       0x50 D:\Akseli\Documents\LPC3\lpc_board_nxp_lpcxpresso_1549\Debug\liblpc_board_nxp_lpcxpresso_1549.a(board_sysinit.o)
 .debug_ranges  0x000002c8       0x40 D:\Akseli\Documents\LPC3\lpc_chip_15xx\Debug\liblpc_chip_15xx.a(chip_15xx.o)
 .debug_ranges  0x00000308      0x118 D:\Akseli\Documents\LPC3\lpc_chip_15xx\Debug\liblpc_chip_15xx.a(clock_15xx.o)
 .debug_ranges  0x00000420       0x60 D:\Akseli\Documents\LPC3\lpc_chip_15xx\Debug\liblpc_chip_15xx.a(gpio_15xx.o)
 .debug_ranges  0x00000480       0x18 D:\Akseli\Documents\LPC3\lpc_chip_15xx\Debug\liblpc_chip_15xx.a(iocon_15xx.o)
 .debug_ranges  0x00000498       0x30 D:\Akseli\Documents\LPC3\lpc_chip_15xx\Debug\liblpc_chip_15xx.a(swm_15xx.o)
 .debug_ranges  0x000004c8       0x40 D:\Akseli\Documents\LPC3\lpc_chip_15xx\Debug\liblpc_chip_15xx.a(sysctl_15xx.o)
 .debug_ranges  0x00000508       0x48 D:\Akseli\Documents\LPC3\lpc_chip_15xx\Debug\liblpc_chip_15xx.a(sysinit_15xx.o)
 .debug_ranges  0x00000550       0xb8 D:\Akseli\Documents\LPC3\lpc_chip_15xx\Debug\liblpc_chip_15xx.a(uart_15xx.o)
 .debug_ranges  0x00000608      0x1e0 D:\Akseli\Documents\LPC3\FreeRTOS\Debug\libFreeRTOS.a(tasks.o)
 .debug_ranges  0x000007e8       0x18 D:\Akseli\Documents\LPC3\FreeRTOS\Debug\libFreeRTOS.a(heap_3.o)
 .debug_ranges  0x00000800       0x60 D:\Akseli\Documents\LPC3\FreeRTOS\Debug\libFreeRTOS.a(port.o)
 .debug_ranges  0x00000860       0x30 D:\Akseli\Documents\LPC3\FreeRTOS\Debug\libFreeRTOS.a(FreeRTOSCommonHooks.o)
 .debug_ranges  0x00000890       0x30 D:\Akseli\Documents\LPC3\FreeRTOS\Debug\libFreeRTOS.a(list.o)
 .debug_ranges  0x000008c0       0x10 c:/nxp/mcuxpressoide_11.0.0_2516/ide/plugins/com.nxp.mcuxpresso.tools.win32_11.0.0.201905131304/tools/bin/../lib/gcc/arm-none-eabi/8.2.1/../../../../arm-none-eabi/lib/thumb/v7-m/nofp\libcr_newlib_nohost.a(_cr_sbrk.o)
 .debug_ranges  0x000008d0       0x10 c:/nxp/mcuxpressoide_11.0.0_2516/ide/plugins/com.nxp.mcuxpresso.tools.win32_11.0.0.201905131304/tools/bin/../lib/gcc/arm-none-eabi/8.2.1/../../../../arm-none-eabi/lib/thumb/v7-m/nofp\libcr_newlib_nohost.a(close.o)
 .debug_ranges  0x000008e0       0x10 c:/nxp/mcuxpressoide_11.0.0_2516/ide/plugins/com.nxp.mcuxpresso.tools.win32_11.0.0.201905131304/tools/bin/../lib/gcc/arm-none-eabi/8.2.1/../../../../arm-none-eabi/lib/thumb/v7-m/nofp\libcr_newlib_nohost.a(fstat.o)
 .debug_ranges  0x000008f0       0x10 c:/nxp/mcuxpressoide_11.0.0_2516/ide/plugins/com.nxp.mcuxpresso.tools.win32_11.0.0.201905131304/tools/bin/../lib/gcc/arm-none-eabi/8.2.1/../../../../arm-none-eabi/lib/thumb/v7-m/nofp\libcr_newlib_nohost.a(isatty.o)
 .debug_ranges  0x00000900       0x10 c:/nxp/mcuxpressoide_11.0.0_2516/ide/plugins/com.nxp.mcuxpresso.tools.win32_11.0.0.201905131304/tools/bin/../lib/gcc/arm-none-eabi/8.2.1/../../../../arm-none-eabi/lib/thumb/v7-m/nofp\libcr_newlib_nohost.a(lseek.o)
 .debug_ranges  0x00000910       0x10 c:/nxp/mcuxpressoide_11.0.0_2516/ide/plugins/com.nxp.mcuxpresso.tools.win32_11.0.0.201905131304/tools/bin/../lib/gcc/arm-none-eabi/8.2.1/../../../../arm-none-eabi/lib/thumb/v7-m/nofp\libcr_newlib_nohost.a(_cr_check_heap.o)

.debug_macro    0x00000000     0xbf68
 .debug_macro   0x00000000      0x37f ./src/DigitalIoPin.o
 .debug_macro   0x0000037f      0xb56 ./src/DigitalIoPin.o
 .debug_macro   0x00000ed5       0x1c ./src/DigitalIoPin.o
 .debug_macro   0x00000ef1       0x22 ./src/DigitalIoPin.o
 .debug_macro   0x00000f13       0x56 ./src/DigitalIoPin.o
 .debug_macro   0x00000f69       0x51 ./src/DigitalIoPin.o
 .debug_macro   0x00000fba       0xef ./src/DigitalIoPin.o
 .debug_macro   0x000010a9       0x6a ./src/DigitalIoPin.o
 .debug_macro   0x00001113      0x1df ./src/DigitalIoPin.o
 .debug_macro   0x000012f2       0x16 ./src/DigitalIoPin.o