atomic_base.h:80:3:constexpr std::memory_order std::operator&(std::memory_order, std::__memory_order_modifier)	16	static
EkaTesti.cpp:44:13:void prvSetupHardware()	8	static
EkaTesti.cpp:54:13:void vLEDTask1(void*)	24	static
EkaTesti.cpp:69:13:void vLEDTask2(void*)	24	static
EkaTesti.cpp:84:13:void vUARTTask(void*)	24	static
EkaTesti.cpp:98:13:void printTimeTask(void*)	24	static
EkaTesti.cpp:124:6:void ledOnOffTimes(int, int)	24	static
EkaTesti.cpp:137:13:void sosLed(void*)	24	static
EkaTesti.cpp:155:13:void nappi(void*)	48	static
EkaTesti.cpp:182:6:void vConfigureTimerForRunTimeStats()	8	static
EkaTesti.cpp:196:5:int main()	16	static
atomic_base.h:261:7:std::__atomic_base<_IntTp>::operator std::__atomic_base<_IntTp>::__int_type() const volatile [with _ITp = int]	24	static
atomic_base.h:272:7:std::__atomic_base<_IntTp>::__int_type std::__atomic_base<_IntTp>::operator=(std::__atomic_base<_IntTp>::__int_type) volatile [with _ITp = int]	32	static
EkaTesti.cpp:234:1:void __static_initialization_and_destruction_0(int, int)	16	static
EkaTesti.cpp:234:1:cpp)	8	static
